[0.034s] Invoking command in '/home/aravind/mp_ws/build/mp_msgs': CMAKE_PREFIX_PATH=/opt/ros/humble /usr/bin/cmake --build /home/aravind/mp_ws/build/mp_msgs -- -j12 -l12
[0.121s] [ 10%] Built target mp_msgs__rosidl_generator_c
[0.121s] [ 12%] Built target mp_msgs__cpp
[0.154s] [ 12%] Built target ament_cmake_python_copy_mp_msgs
[0.165s] [ 23%] Built target mp_msgs__rosidl_typesupport_c
[0.166s] [ 33%] Built target mp_msgs__rosidl_typesupport_introspection_c
[0.166s] [ 43%] Built target mp_msgs__rosidl_typesupport_fastrtps_c
[0.179s] [ 53%] Built target mp_msgs__rosidl_typesupport_cpp
[0.180s] [ 64%] Built target mp_msgs__rosidl_typesupport_introspection_cpp
[0.181s] [ 74%] Built target mp_msgs__rosidl_typesupport_fastrtps_cpp
[0.211s] [ 74%] Built target mp_msgs
[0.246s] [ 76%] Built target mp_msgs__py
[0.288s] [ 84%] Built target mp_msgs__rosidl_generator_py
[0.321s] [ 89%] Built target mp_msgs__rosidl_typesupport_introspection_c__pyext
[0.325s] [ 97%] Built target mp_msgs__rosidl_typesupport_fastrtps_c__pyext
[0.325s] [100%] Built target mp_msgs__rosidl_typesupport_c__pyext
[0.483s] running egg_info
[0.485s] writing mp_msgs.egg-info/PKG-INFO
[0.486s] writing dependency_links to mp_msgs.egg-info/dependency_links.txt
[0.487s] writing top-level names to mp_msgs.egg-info/top_level.txt
[0.494s] reading manifest file 'mp_msgs.egg-info/SOURCES.txt'
[0.496s] writing manifest file 'mp_msgs.egg-info/SOURCES.txt'
[0.552s] [100%] Built target ament_cmake_python_build_mp_msgs_egg
[0.571s] Invoked command in '/home/aravind/mp_ws/build/mp_msgs' returned '0': CMAKE_PREFIX_PATH=/opt/ros/humble /usr/bin/cmake --build /home/aravind/mp_ws/build/mp_msgs -- -j12 -l12
[0.575s] Invoking command in '/home/aravind/mp_ws/build/mp_msgs': CMAKE_PREFIX_PATH=/opt/ros/humble /usr/bin/cmake --install /home/aravind/mp_ws/build/mp_msgs
[0.589s] -- Install configuration: ""
[0.590s] -- Up-to-date: /home/aravind/mp_ws/install/mp_msgs/share/ament_index/resource_index/rosidl_interfaces/mp_msgs
[0.590s] -- Up-to-date: /home/aravind/mp_ws/install/mp_msgs/include/mp_msgs/mp_msgs
[0.590s] -- Up-to-date: /home/aravind/mp_ws/install/mp_msgs/include/mp_msgs/mp_msgs/msg
[0.591s] -- Up-to-date: /home/aravind/mp_ws/install/mp_msgs/include/mp_msgs/mp_msgs/msg/rosidl_generator_c__visibility_control.h
[0.591s] -- Up-to-date: /home/aravind/mp_ws/install/mp_msgs/include/mp_msgs/mp_msgs/srv
[0.591s] -- Up-to-date: /home/aravind/mp_ws/install/mp_msgs/include/mp_msgs/mp_msgs/srv/euler_to_quaternion.h
[0.591s] -- Up-to-date: /home/aravind/mp_ws/install/mp_msgs/include/mp_msgs/mp_msgs/srv/quaternion_to_euler.h
[0.591s] -- Up-to-date: /home/aravind/mp_ws/install/mp_msgs/include/mp_msgs/mp_msgs/srv/detail
[0.591s] -- Up-to-date: /home/aravind/mp_ws/install/mp_msgs/include/mp_msgs/mp_msgs/srv/detail/quaternion_to_euler__functions.h
[0.592s] -- Up-to-date: /home/aravind/mp_ws/install/mp_msgs/include/mp_msgs/mp_msgs/srv/detail/quaternion_to_euler__struct.h
[0.592s] -- Up-to-date: /home/aravind/mp_ws/install/mp_msgs/include/mp_msgs/mp_msgs/srv/detail/euler_to_quaternion__functions.h
[0.592s] -- Up-to-date: /home/aravind/mp_ws/install/mp_msgs/include/mp_msgs/mp_msgs/srv/detail/euler_to_quaternion__struct.h
[0.592s] -- Up-to-date: /home/aravind/mp_ws/install/mp_msgs/include/mp_msgs/mp_msgs/srv/detail/quaternion_to_euler__type_support.h
[0.592s] -- Up-to-date: /home/aravind/mp_ws/install/mp_msgs/include/mp_msgs/mp_msgs/srv/detail/euler_to_quaternion__type_support.h
[0.592s] -- Up-to-date: /home/aravind/mp_ws/install/mp_msgs/include/mp_msgs/mp_msgs/srv/detail/euler_to_quaternion__functions.c
[0.592s] -- Up-to-date: /home/aravind/mp_ws/install/mp_msgs/include/mp_msgs/mp_msgs/srv/detail/quaternion_to_euler__functions.c
[0.593s] -- Up-to-date: /home/aravind/mp_ws/install/mp_msgs/share/mp_msgs/environment/library_path.sh
[0.593s] -- Up-to-date: /home/aravind/mp_ws/install/mp_msgs/share/mp_msgs/environment/library_path.dsv
[0.593s] -- Up-to-date: /home/aravind/mp_ws/install/mp_msgs/lib/libmp_msgs__rosidl_generator_c.so
[0.593s] -- Up-to-date: /home/aravind/mp_ws/install/mp_msgs/include/mp_msgs/mp_msgs
[0.593s] -- Up-to-date: /home/aravind/mp_ws/install/mp_msgs/include/mp_msgs/mp_msgs/msg
[0.594s] -- Up-to-date: /home/aravind/mp_ws/install/mp_msgs/include/mp_msgs/mp_msgs/msg/rosidl_typesupport_fastrtps_c__visibility_control.h
[0.594s] -- Up-to-date: /home/aravind/mp_ws/install/mp_msgs/include/mp_msgs/mp_msgs/srv
[0.594s] -- Up-to-date: /home/aravind/mp_ws/install/mp_msgs/include/mp_msgs/mp_msgs/srv/detail
[0.595s] -- Up-to-date: /home/aravind/mp_ws/install/mp_msgs/include/mp_msgs/mp_msgs/srv/detail/quaternion_to_euler__rosidl_typesupport_fastrtps_c.h
[0.595s] -- Up-to-date: /home/aravind/mp_ws/install/mp_msgs/include/mp_msgs/mp_msgs/srv/detail/euler_to_quaternion__rosidl_typesupport_fastrtps_c.h
[0.596s] -- Up-to-date: /home/aravind/mp_ws/install/mp_msgs/lib/libmp_msgs__rosidl_typesupport_fastrtps_c.so
[0.596s] -- Up-to-date: /home/aravind/mp_ws/install/mp_msgs/include/mp_msgs/mp_msgs
[0.596s] -- Up-to-date: /home/aravind/mp_ws/install/mp_msgs/include/mp_msgs/mp_msgs/msg
[0.596s] -- Up-to-date: /home/aravind/mp_ws/install/mp_msgs/include/mp_msgs/mp_msgs/msg/rosidl_generator_cpp__visibility_control.hpp
[0.596s] -- Up-to-date: /home/aravind/mp_ws/install/mp_msgs/include/mp_msgs/mp_msgs/srv
[0.596s] -- Up-to-date: /home/aravind/mp_ws/install/mp_msgs/include/mp_msgs/mp_msgs/srv/euler_to_quaternion.hpp
[0.596s] -- Up-to-date: /home/aravind/mp_ws/install/mp_msgs/include/mp_msgs/mp_msgs/srv/detail
[0.597s] -- Up-to-date: /home/aravind/mp_ws/install/mp_msgs/include/mp_msgs/mp_msgs/srv/detail/quaternion_to_euler__struct.hpp
[0.597s] -- Up-to-date: /home/aravind/mp_ws/install/mp_msgs/include/mp_msgs/mp_msgs/srv/detail/euler_to_quaternion__type_support.hpp
[0.597s] -- Up-to-date: /home/aravind/mp_ws/install/mp_msgs/include/mp_msgs/mp_msgs/srv/detail/euler_to_quaternion__traits.hpp
[0.597s] -- Up-to-date: /home/aravind/mp_ws/install/mp_msgs/include/mp_msgs/mp_msgs/srv/detail/euler_to_quaternion__struct.hpp
[0.597s] -- Up-to-date: /home/aravind/mp_ws/install/mp_msgs/include/mp_msgs/mp_msgs/srv/detail/euler_to_quaternion__builder.hpp
[0.597s] -- Up-to-date: /home/aravind/mp_ws/install/mp_msgs/include/mp_msgs/mp_msgs/srv/detail/quaternion_to_euler__traits.hpp
[0.597s] -- Up-to-date: /home/aravind/mp_ws/install/mp_msgs/include/mp_msgs/mp_msgs/srv/detail/quaternion_to_euler__builder.hpp
[0.598s] -- Up-to-date: /home/aravind/mp_ws/install/mp_msgs/include/mp_msgs/mp_msgs/srv/detail/quaternion_to_euler__type_support.hpp
[0.598s] -- Up-to-date: /home/aravind/mp_ws/install/mp_msgs/include/mp_msgs/mp_msgs/srv/quaternion_to_euler.hpp
[0.598s] -- Up-to-date: /home/aravind/mp_ws/install/mp_msgs/include/mp_msgs/mp_msgs
[0.598s] -- Up-to-date: /home/aravind/mp_ws/install/mp_msgs/include/mp_msgs/mp_msgs/msg
[0.598s] -- Up-to-date: /home/aravind/mp_ws/install/mp_msgs/include/mp_msgs/mp_msgs/msg/rosidl_typesupport_fastrtps_cpp__visibility_control.h
[0.598s] -- Up-to-date: /home/aravind/mp_ws/install/mp_msgs/include/mp_msgs/mp_msgs/srv
[0.599s] -- Up-to-date: /home/aravind/mp_ws/install/mp_msgs/include/mp_msgs/mp_msgs/srv/detail
[0.599s] -- Up-to-date: /home/aravind/mp_ws/install/mp_msgs/include/mp_msgs/mp_msgs/srv/detail/quaternion_to_euler__rosidl_typesupport_fastrtps_cpp.hpp
[0.599s] -- Up-to-date: /home/aravind/mp_ws/install/mp_msgs/include/mp_msgs/mp_msgs/srv/detail/dds_fastrtps
[0.599s] -- Up-to-date: /home/aravind/mp_ws/install/mp_msgs/include/mp_msgs/mp_msgs/srv/detail/euler_to_quaternion__rosidl_typesupport_fastrtps_cpp.hpp
[0.599s] -- Up-to-date: /home/aravind/mp_ws/install/mp_msgs/lib/libmp_msgs__rosidl_typesupport_fastrtps_cpp.so
[0.599s] -- Up-to-date: /home/aravind/mp_ws/install/mp_msgs/include/mp_msgs/mp_msgs
[0.599s] -- Up-to-date: /home/aravind/mp_ws/install/mp_msgs/include/mp_msgs/mp_msgs/msg
[0.600s] -- Up-to-date: /home/aravind/mp_ws/install/mp_msgs/include/mp_msgs/mp_msgs/msg/rosidl_typesupport_introspection_c__visibility_control.h
[0.600s] -- Up-to-date: /home/aravind/mp_ws/install/mp_msgs/include/mp_msgs/mp_msgs/srv
[0.600s] -- Up-to-date: /home/aravind/mp_ws/install/mp_msgs/include/mp_msgs/mp_msgs/srv/detail
[0.600s] -- Up-to-date: /home/aravind/mp_ws/install/mp_msgs/include/mp_msgs/mp_msgs/srv/detail/quaternion_to_euler__rosidl_typesupport_introspection_c.h
[0.600s] -- Up-to-date: /home/aravind/mp_ws/install/mp_msgs/include/mp_msgs/mp_msgs/srv/detail/quaternion_to_euler__type_support.c
[0.601s] -- Up-to-date: /home/aravind/mp_ws/install/mp_msgs/include/mp_msgs/mp_msgs/srv/detail/euler_to_quaternion__rosidl_typesupport_introspection_c.h
[0.601s] -- Up-to-date: /home/aravind/mp_ws/install/mp_msgs/include/mp_msgs/mp_msgs/srv/detail/euler_to_quaternion__type_support.c
[0.601s] -- Up-to-date: /home/aravind/mp_ws/install/mp_msgs/lib/libmp_msgs__rosidl_typesupport_introspection_c.so
[0.601s] -- Up-to-date: /home/aravind/mp_ws/install/mp_msgs/lib/libmp_msgs__rosidl_typesupport_c.so
[0.601s] -- Up-to-date: /home/aravind/mp_ws/install/mp_msgs/include/mp_msgs/mp_msgs
[0.601s] -- Up-to-date: /home/aravind/mp_ws/install/mp_msgs/include/mp_msgs/mp_msgs/srv
[0.602s] -- Up-to-date: /home/aravind/mp_ws/install/mp_msgs/include/mp_msgs/mp_msgs/srv/detail
[0.602s] -- Up-to-date: /home/aravind/mp_ws/install/mp_msgs/include/mp_msgs/mp_msgs/srv/detail/quaternion_to_euler__rosidl_typesupport_introspection_cpp.hpp
[0.602s] -- Up-to-date: /home/aravind/mp_ws/install/mp_msgs/include/mp_msgs/mp_msgs/srv/detail/euler_to_quaternion__type_support.cpp
[0.602s] -- Up-to-date: /home/aravind/mp_ws/install/mp_msgs/include/mp_msgs/mp_msgs/srv/detail/quaternion_to_euler__type_support.cpp
[0.602s] -- Up-to-date: /home/aravind/mp_ws/install/mp_msgs/include/mp_msgs/mp_msgs/srv/detail/euler_to_quaternion__rosidl_typesupport_introspection_cpp.hpp
[0.602s] -- Up-to-date: /home/aravind/mp_ws/install/mp_msgs/lib/libmp_msgs__rosidl_typesupport_introspection_cpp.so
[0.603s] -- Up-to-date: /home/aravind/mp_ws/install/mp_msgs/lib/libmp_msgs__rosidl_typesupport_cpp.so
[0.603s] -- Up-to-date: /home/aravind/mp_ws/install/mp_msgs/share/mp_msgs/environment/pythonpath.sh
[0.603s] -- Up-to-date: /home/aravind/mp_ws/install/mp_msgs/share/mp_msgs/environment/pythonpath.dsv
[0.603s] -- Up-to-date: /home/aravind/mp_ws/install/mp_msgs/local/lib/python3.10/dist-packages/mp_msgs-0.0.0-py3.10.egg-info
[0.603s] -- Installing: /home/aravind/mp_ws/install/mp_msgs/local/lib/python3.10/dist-packages/mp_msgs-0.0.0-py3.10.egg-info/SOURCES.txt
[0.604s] -- Installing: /home/aravind/mp_ws/install/mp_msgs/local/lib/python3.10/dist-packages/mp_msgs-0.0.0-py3.10.egg-info/top_level.txt
[0.604s] -- Installing: /home/aravind/mp_ws/install/mp_msgs/local/lib/python3.10/dist-packages/mp_msgs-0.0.0-py3.10.egg-info/dependency_links.txt
[0.604s] -- Installing: /home/aravind/mp_ws/install/mp_msgs/local/lib/python3.10/dist-packages/mp_msgs-0.0.0-py3.10.egg-info/PKG-INFO
[0.604s] -- Up-to-date: /home/aravind/mp_ws/install/mp_msgs/local/lib/python3.10/dist-packages/mp_msgs
[0.604s] -- Up-to-date: /home/aravind/mp_ws/install/mp_msgs/local/lib/python3.10/dist-packages/mp_msgs/__init__.py
[0.604s] -- Up-to-date: /home/aravind/mp_ws/install/mp_msgs/local/lib/python3.10/dist-packages/mp_msgs/_mp_msgs_s.ep.rosidl_typesupport_fastrtps_c.c
[0.604s] -- Up-to-date: /home/aravind/mp_ws/install/mp_msgs/local/lib/python3.10/dist-packages/mp_msgs/_mp_msgs_s.ep.rosidl_typesupport_introspection_c.c
[0.604s] -- Up-to-date: /home/aravind/mp_ws/install/mp_msgs/local/lib/python3.10/dist-packages/mp_msgs/mp_msgs_s__rosidl_typesupport_introspection_c.cpython-310-x86_64-linux-gnu.so
[0.604s] -- Up-to-date: /home/aravind/mp_ws/install/mp_msgs/local/lib/python3.10/dist-packages/mp_msgs/libmp_msgs__rosidl_generator_py.so
[0.605s] -- Up-to-date: /home/aravind/mp_ws/install/mp_msgs/local/lib/python3.10/dist-packages/mp_msgs/srv
[0.605s] -- Up-to-date: /home/aravind/mp_ws/install/mp_msgs/local/lib/python3.10/dist-packages/mp_msgs/srv/__init__.py
[0.605s] -- Up-to-date: /home/aravind/mp_ws/install/mp_msgs/local/lib/python3.10/dist-packages/mp_msgs/srv/_euler_to_quaternion.py
[0.605s] -- Up-to-date: /home/aravind/mp_ws/install/mp_msgs/local/lib/python3.10/dist-packages/mp_msgs/srv/_quaternion_to_euler.py
[0.605s] -- Up-to-date: /home/aravind/mp_ws/install/mp_msgs/local/lib/python3.10/dist-packages/mp_msgs/srv/_euler_to_quaternion_s.c
[0.605s] -- Up-to-date: /home/aravind/mp_ws/install/mp_msgs/local/lib/python3.10/dist-packages/mp_msgs/srv/_quaternion_to_euler_s.c
[0.605s] -- Up-to-date: /home/aravind/mp_ws/install/mp_msgs/local/lib/python3.10/dist-packages/mp_msgs/mp_msgs_s__rosidl_typesupport_c.cpython-310-x86_64-linux-gnu.so
[0.605s] -- Up-to-date: /home/aravind/mp_ws/install/mp_msgs/local/lib/python3.10/dist-packages/mp_msgs/mp_msgs_s__rosidl_typesupport_fastrtps_c.cpython-310-x86_64-linux-gnu.so
[0.606s] -- Up-to-date: /home/aravind/mp_ws/install/mp_msgs/local/lib/python3.10/dist-packages/mp_msgs/_mp_msgs_s.ep.rosidl_typesupport_c.c
[0.650s] Listing '/home/aravind/mp_ws/install/mp_msgs/local/lib/python3.10/dist-packages/mp_msgs'...
[0.650s] Listing '/home/aravind/mp_ws/install/mp_msgs/local/lib/python3.10/dist-packages/mp_msgs/srv'...
[0.656s] -- Up-to-date: /home/aravind/mp_ws/install/mp_msgs/local/lib/python3.10/dist-packages/mp_msgs/mp_msgs_s__rosidl_typesupport_fastrtps_c.cpython-310-x86_64-linux-gnu.so
[0.657s] -- Up-to-date: /home/aravind/mp_ws/install/mp_msgs/local/lib/python3.10/dist-packages/mp_msgs/mp_msgs_s__rosidl_typesupport_introspection_c.cpython-310-x86_64-linux-gnu.so
[0.657s] -- Up-to-date: /home/aravind/mp_ws/install/mp_msgs/local/lib/python3.10/dist-packages/mp_msgs/mp_msgs_s__rosidl_typesupport_c.cpython-310-x86_64-linux-gnu.so
[0.658s] -- Up-to-date: /home/aravind/mp_ws/install/mp_msgs/lib/libmp_msgs__rosidl_generator_py.so
[0.659s] -- Up-to-date: /home/aravind/mp_ws/install/mp_msgs/share/mp_msgs/srv/EulerToQuaternion.idl
[0.659s] -- Up-to-date: /home/aravind/mp_ws/install/mp_msgs/share/mp_msgs/srv/QuaternionToEuler.idl
[0.659s] -- Up-to-date: /home/aravind/mp_ws/install/mp_msgs/share/mp_msgs/srv/EulerToQuaternion.srv
[0.659s] -- Up-to-date: /home/aravind/mp_ws/install/mp_msgs/share/mp_msgs/srv/EulerToQuaternion_Request.msg
[0.659s] -- Up-to-date: /home/aravind/mp_ws/install/mp_msgs/share/mp_msgs/srv/EulerToQuaternion_Response.msg
[0.659s] -- Up-to-date: /home/aravind/mp_ws/install/mp_msgs/share/mp_msgs/srv/QuaternionToEuler.srv
[0.660s] -- Up-to-date: /home/aravind/mp_ws/install/mp_msgs/share/mp_msgs/srv/QuaternionToEuler_Request.msg
[0.660s] -- Up-to-date: /home/aravind/mp_ws/install/mp_msgs/share/mp_msgs/srv/QuaternionToEuler_Response.msg
[0.660s] -- Up-to-date: /home/aravind/mp_ws/install/mp_msgs/share/ament_index/resource_index/package_run_dependencies/mp_msgs
[0.660s] -- Up-to-date: /home/aravind/mp_ws/install/mp_msgs/share/ament_index/resource_index/parent_prefix_path/mp_msgs
[0.660s] -- Up-to-date: /home/aravind/mp_ws/install/mp_msgs/share/mp_msgs/environment/ament_prefix_path.sh
[0.660s] -- Up-to-date: /home/aravind/mp_ws/install/mp_msgs/share/mp_msgs/environment/ament_prefix_path.dsv
[0.660s] -- Up-to-date: /home/aravind/mp_ws/install/mp_msgs/share/mp_msgs/environment/path.sh
[0.660s] -- Up-to-date: /home/aravind/mp_ws/install/mp_msgs/share/mp_msgs/environment/path.dsv
[0.661s] -- Up-to-date: /home/aravind/mp_ws/install/mp_msgs/share/mp_msgs/local_setup.bash
[0.661s] -- Up-to-date: /home/aravind/mp_ws/install/mp_msgs/share/mp_msgs/local_setup.sh
[0.661s] -- Up-to-date: /home/aravind/mp_ws/install/mp_msgs/share/mp_msgs/local_setup.zsh
[0.661s] -- Up-to-date: /home/aravind/mp_ws/install/mp_msgs/share/mp_msgs/local_setup.dsv
[0.661s] -- Installing: /home/aravind/mp_ws/install/mp_msgs/share/mp_msgs/package.dsv
[0.661s] -- Up-to-date: /home/aravind/mp_ws/install/mp_msgs/share/ament_index/resource_index/packages/mp_msgs
[0.661s] -- Up-to-date: /home/aravind/mp_ws/install/mp_msgs/share/mp_msgs/cmake/export_mp_msgs__rosidl_generator_cExport.cmake
[0.662s] -- Up-to-date: /home/aravind/mp_ws/install/mp_msgs/share/mp_msgs/cmake/export_mp_msgs__rosidl_generator_cExport-noconfig.cmake
[0.662s] -- Up-to-date: /home/aravind/mp_ws/install/mp_msgs/share/mp_msgs/cmake/export_mp_msgs__rosidl_typesupport_fastrtps_cExport.cmake
[0.662s] -- Up-to-date: /home/aravind/mp_ws/install/mp_msgs/share/mp_msgs/cmake/export_mp_msgs__rosidl_typesupport_fastrtps_cExport-noconfig.cmake
[0.662s] -- Up-to-date: /home/aravind/mp_ws/install/mp_msgs/share/mp_msgs/cmake/export_mp_msgs__rosidl_generator_cppExport.cmake
[0.662s] -- Up-to-date: /home/aravind/mp_ws/install/mp_msgs/share/mp_msgs/cmake/export_mp_msgs__rosidl_typesupport_fastrtps_cppExport.cmake
[0.662s] -- Up-to-date: /home/aravind/mp_ws/install/mp_msgs/share/mp_msgs/cmake/export_mp_msgs__rosidl_typesupport_fastrtps_cppExport-noconfig.cmake
[0.663s] -- Up-to-date: /home/aravind/mp_ws/install/mp_msgs/share/mp_msgs/cmake/mp_msgs__rosidl_typesupport_introspection_cExport.cmake
[0.663s] -- Up-to-date: /home/aravind/mp_ws/install/mp_msgs/share/mp_msgs/cmake/mp_msgs__rosidl_typesupport_introspection_cExport-noconfig.cmake
[0.663s] -- Up-to-date: /home/aravind/mp_ws/install/mp_msgs/share/mp_msgs/cmake/mp_msgs__rosidl_typesupport_cExport.cmake
[0.663s] -- Up-to-date: /home/aravind/mp_ws/install/mp_msgs/share/mp_msgs/cmake/mp_msgs__rosidl_typesupport_cExport-noconfig.cmake
[0.663s] -- Up-to-date: /home/aravind/mp_ws/install/mp_msgs/share/mp_msgs/cmake/mp_msgs__rosidl_typesupport_introspection_cppExport.cmake
[0.663s] -- Up-to-date: /home/aravind/mp_ws/install/mp_msgs/share/mp_msgs/cmake/mp_msgs__rosidl_typesupport_introspection_cppExport-noconfig.cmake
[0.664s] -- Up-to-date: /home/aravind/mp_ws/install/mp_msgs/share/mp_msgs/cmake/mp_msgs__rosidl_typesupport_cppExport.cmake
[0.664s] -- Up-to-date: /home/aravind/mp_ws/install/mp_msgs/share/mp_msgs/cmake/mp_msgs__rosidl_typesupport_cppExport-noconfig.cmake
[0.664s] -- Up-to-date: /home/aravind/mp_ws/install/mp_msgs/share/mp_msgs/cmake/export_mp_msgs__rosidl_generator_pyExport.cmake
[0.664s] -- Up-to-date: /home/aravind/mp_ws/install/mp_msgs/share/mp_msgs/cmake/export_mp_msgs__rosidl_generator_pyExport-noconfig.cmake
[0.664s] -- Up-to-date: /home/aravind/mp_ws/install/mp_msgs/share/mp_msgs/cmake/rosidl_cmake-extras.cmake
[0.664s] -- Up-to-date: /home/aravind/mp_ws/install/mp_msgs/share/mp_msgs/cmake/ament_cmake_export_include_directories-extras.cmake
[0.665s] -- Up-to-date: /home/aravind/mp_ws/install/mp_msgs/share/mp_msgs/cmake/ament_cmake_export_libraries-extras.cmake
[0.665s] -- Up-to-date: /home/aravind/mp_ws/install/mp_msgs/share/mp_msgs/cmake/ament_cmake_export_targets-extras.cmake
[0.665s] -- Up-to-date: /home/aravind/mp_ws/install/mp_msgs/share/mp_msgs/cmake/rosidl_cmake_export_typesupport_targets-extras.cmake
[0.665s] -- Up-to-date: /home/aravind/mp_ws/install/mp_msgs/share/mp_msgs/cmake/ament_cmake_export_dependencies-extras.cmake
[0.665s] -- Up-to-date: /home/aravind/mp_ws/install/mp_msgs/share/mp_msgs/cmake/rosidl_cmake_export_typesupport_libraries-extras.cmake
[0.665s] -- Up-to-date: /home/aravind/mp_ws/install/mp_msgs/share/mp_msgs/cmake/mp_msgsConfig.cmake
[0.665s] -- Up-to-date: /home/aravind/mp_ws/install/mp_msgs/share/mp_msgs/cmake/mp_msgsConfig-version.cmake
[0.665s] -- Up-to-date: /home/aravind/mp_ws/install/mp_msgs/share/mp_msgs/package.xml
[0.668s] Invoked command in '/home/aravind/mp_ws/build/mp_msgs' returned '0': CMAKE_PREFIX_PATH=/opt/ros/humble /usr/bin/cmake --install /home/aravind/mp_ws/build/mp_msgs
