[3.823s] Invoking command in '/home/aravind/mp_ws/src/mp_aruco': PYTHONPATH=/home/aravind/mp_ws/build/mp_aruco/prefix_override:/usr/lib/python3/dist-packages/colcon_core/task/python/colcon_distutils_commands:/home/aravind/mp_ws/install/mp_aruco/lib/python3.10/site-packages:${PYTHONPATH} /usr/bin/python3 -W ignore:setup.py install is deprecated -W ignore:easy_install command is deprecated setup.py egg_info --egg-base ../../build/mp_aruco build --build-base /home/aravind/mp_ws/build/mp_aruco/build install --record /home/aravind/mp_ws/build/mp_aruco/install.log --single-version-externally-managed install_data
[4.450s] running egg_info
[4.451s] writing ../../build/mp_aruco/mp_aruco.egg-info/PKG-INFO
[4.452s] writing dependency_links to ../../build/mp_aruco/mp_aruco.egg-info/dependency_links.txt
[4.452s] writing entry points to ../../build/mp_aruco/mp_aruco.egg-info/entry_points.txt
[4.452s] writing requirements to ../../build/mp_aruco/mp_aruco.egg-info/requires.txt
[4.452s] writing top-level names to ../../build/mp_aruco/mp_aruco.egg-info/top_level.txt
[4.458s] reading manifest file '../../build/mp_aruco/mp_aruco.egg-info/SOURCES.txt'
[4.460s] writing manifest file '../../build/mp_aruco/mp_aruco.egg-info/SOURCES.txt'
[4.461s] running build
[4.462s] running build_py
[4.462s] copying mp_aruco/marker_detector.py -> /home/aravind/mp_ws/build/mp_aruco/build/lib/mp_aruco
[4.463s] running install
[4.464s] running install_lib
[4.467s] copying /home/aravind/mp_ws/build/mp_aruco/build/lib/mp_aruco/marker_detector.py -> /home/aravind/mp_ws/install/mp_aruco/lib/python3.10/site-packages/mp_aruco
[4.468s] byte-compiling /home/aravind/mp_ws/install/mp_aruco/lib/python3.10/site-packages/mp_aruco/marker_detector.py to marker_detector.cpython-310.pyc
[4.472s] running install_data
[4.472s] running install_egg_info
[4.477s] removing '/home/aravind/mp_ws/install/mp_aruco/lib/python3.10/site-packages/mp_aruco-0.0.0-py3.10.egg-info' (and everything under it)
[4.477s] Copying ../../build/mp_aruco/mp_aruco.egg-info to /home/aravind/mp_ws/install/mp_aruco/lib/python3.10/site-packages/mp_aruco-0.0.0-py3.10.egg-info
[4.481s] running install_scripts
[4.522s] Installing marker_detector script to /home/aravind/mp_ws/install/mp_aruco/lib/mp_aruco
[4.523s] writing list of installed files to '/home/aravind/mp_ws/build/mp_aruco/install.log'
[4.568s] Invoked command in '/home/aravind/mp_ws/src/mp_aruco' returned '0': PYTHONPATH=/home/aravind/mp_ws/build/mp_aruco/prefix_override:/usr/lib/python3/dist-packages/colcon_core/task/python/colcon_distutils_commands:/home/aravind/mp_ws/install/mp_aruco/lib/python3.10/site-packages:${PYTHONPATH} /usr/bin/python3 -W ignore:setup.py install is deprecated -W ignore:easy_install command is deprecated setup.py egg_info --egg-base ../../build/mp_aruco build --build-base /home/aravind/mp_ws/build/mp_aruco/build install --record /home/aravind/mp_ws/build/mp_aruco/install.log --single-version-externally-managed install_data
