[1.436s] Invoking command in '/home/aravind/mp_ws/build/mp_description': CMAKE_PREFIX_PATH=${CMAKE_PREFIX_PATH}:/home/aravind/mp_ws/install/mp_aruco_estimation:/opt/ros/humble /usr/bin/cmake --build /home/aravind/mp_ws/build/mp_description -- -j12 -l12
[1.761s] Invoked command in '/home/aravind/mp_ws/build/mp_description' returned '0': CMAKE_PREFIX_PATH=${CMAKE_PREFIX_PATH}:/home/aravind/mp_ws/install/mp_aruco_estimation:/opt/ros/humble /usr/bin/cmake --build /home/aravind/mp_ws/build/mp_description -- -j12 -l12
[1.780s] Invoking command in '/home/aravind/mp_ws/build/mp_description': CMAKE_PREFIX_PATH=${CMAKE_PREFIX_PATH}:/home/aravind/mp_ws/install/mp_aruco_estimation:/opt/ros/humble /usr/bin/cmake --install /home/aravind/mp_ws/build/mp_description
[1.874s] -- Install configuration: ""
[1.874s] -- Up-to-date: /home/aravind/mp_ws/install/mp_description/share/mp_description/meshes
[1.874s] -- Up-to-date: /home/aravind/mp_ws/install/mp_description/share/mp_description/meshes/pi_camera.STL
[1.874s] -- Up-to-date: /home/aravind/mp_ws/install/mp_description/share/mp_description/meshes/mp_gripperlink1.STL
[1.874s] -- Up-to-date: /home/aravind/mp_ws/install/mp_description/share/mp_description/meshes/mp_link4.STL
[1.875s] -- Up-to-date: /home/aravind/mp_ws/install/mp_description/share/mp_description/meshes/mp_gripper.STL
[1.875s] -- Up-to-date: /home/aravind/mp_ws/install/mp_description/share/mp_description/meshes/mp_rack.STL
[1.875s] -- Up-to-date: /home/aravind/mp_ws/install/mp_description/share/mp_description/meshes/mp_link3.STL
[1.875s] -- Up-to-date: /home/aravind/mp_ws/install/mp_description/share/mp_description/meshes/mp_gripperlink2.STL
[1.875s] -- Up-to-date: /home/aravind/mp_ws/install/mp_description/share/mp_description/meshes/mp_link1.STL
[1.875s] -- Up-to-date: /home/aravind/mp_ws/install/mp_description/share/mp_description/meshes/mp_pallet.STL
[1.875s] -- Up-to-date: /home/aravind/mp_ws/install/mp_description/share/mp_description/meshes/mp_link5.STL
[1.876s] -- Up-to-date: /home/aravind/mp_ws/install/mp_description/share/mp_description/meshes/mp_cube.STL
[1.876s] -- Up-to-date: /home/aravind/mp_ws/install/mp_description/share/mp_description/meshes/mp_link2.STL
[1.877s] -- Up-to-date: /home/aravind/mp_ws/install/mp_description/share/mp_description/meshes/mp_base.STL
[1.877s] -- Up-to-date: /home/aravind/mp_ws/install/mp_description/share/mp_description/meshes/mp_link6.STL
[1.879s] -- Up-to-date: /home/aravind/mp_ws/install/mp_description/share/mp_description/urdf
[1.879s] -- Up-to-date: /home/aravind/mp_ws/install/mp_description/share/mp_description/urdf/mp_gazebo.xacro
[1.886s] -- Up-to-date: /home/aravind/mp_ws/install/mp_description/share/mp_description/urdf/mp_ros2_control.xacro
[1.887s] -- Up-to-date: /home/aravind/mp_ws/install/mp_description/share/mp_description/urdf/mp.urdf.xacro
[1.888s] -- Up-to-date: /home/aravind/mp_ws/install/mp_description/share/mp_description/launch
[1.888s] -- Up-to-date: /home/aravind/mp_ws/install/mp_description/share/mp_description/launch/display.launch.py
[1.888s] -- Up-to-date: /home/aravind/mp_ws/install/mp_description/share/mp_description/launch/gazebo.launch.py
[1.888s] -- Up-to-date: /home/aravind/mp_ws/install/mp_description/share/mp_description/rviz
[1.888s] -- Up-to-date: /home/aravind/mp_ws/install/mp_description/share/mp_description/rviz/display.rviz
[1.889s] -- Up-to-date: /home/aravind/mp_ws/install/mp_description/share/ament_index/resource_index/package_run_dependencies/mp_description
[1.889s] -- Up-to-date: /home/aravind/mp_ws/install/mp_description/share/ament_index/resource_index/parent_prefix_path/mp_description
[1.889s] -- Up-to-date: /home/aravind/mp_ws/install/mp_description/share/mp_description/environment/ament_prefix_path.sh
[1.889s] -- Up-to-date: /home/aravind/mp_ws/install/mp_description/share/mp_description/environment/ament_prefix_path.dsv
[1.890s] -- Up-to-date: /home/aravind/mp_ws/install/mp_description/share/mp_description/environment/path.sh
[1.891s] -- Up-to-date: /home/aravind/mp_ws/install/mp_description/share/mp_description/environment/path.dsv
[1.895s] -- Up-to-date: /home/aravind/mp_ws/install/mp_description/share/mp_description/local_setup.bash
[1.897s] -- Up-to-date: /home/aravind/mp_ws/install/mp_description/share/mp_description/local_setup.sh
[1.898s] -- Up-to-date: /home/aravind/mp_ws/install/mp_description/share/mp_description/local_setup.zsh
[1.898s] -- Up-to-date: /home/aravind/mp_ws/install/mp_description/share/mp_description/local_setup.dsv
[1.898s] -- Installing: /home/aravind/mp_ws/install/mp_description/share/mp_description/package.dsv
[1.898s] -- Up-to-date: /home/aravind/mp_ws/install/mp_description/share/ament_index/resource_index/packages/mp_description
[1.898s] -- Up-to-date: /home/aravind/mp_ws/install/mp_description/share/mp_description/cmake/mp_descriptionConfig.cmake
[1.899s] -- Up-to-date: /home/aravind/mp_ws/install/mp_description/share/mp_description/cmake/mp_descriptionConfig-version.cmake
[1.899s] -- Up-to-date: /home/aravind/mp_ws/install/mp_description/share/mp_description/package.xml
[2.115s] Invoked command in '/home/aravind/mp_ws/build/mp_description' returned '0': CMAKE_PREFIX_PATH=${CMAKE_PREFIX_PATH}:/home/aravind/mp_ws/install/mp_aruco_estimation:/opt/ros/humble /usr/bin/cmake --install /home/aravind/mp_ws/build/mp_description
