[0.044s] Invoking command in '/home/aravind/mp_ws/build/mp_msgs': CMAKE_PREFIX_PATH=/opt/ros/humble /usr/bin/cmake --build /home/aravind/mp_ws/build/mp_msgs -- -j12 -l12
[0.170s] [  2%] Built target mp_msgs__cpp
[0.181s] [ 12%] Built target mp_msgs__rosidl_generator_c
[0.210s] [ 12%] Built target ament_cmake_python_copy_mp_msgs
[0.256s] [ 23%] Built target mp_msgs__rosidl_typesupport_introspection_cpp
[0.262s] [ 33%] Built target mp_msgs__rosidl_typesupport_introspection_c
[0.275s] [ 43%] Built target mp_msgs__rosidl_typesupport_fastrtps_cpp
[0.284s] [ 64%] Built target mp_msgs__rosidl_typesupport_cpp
[0.284s] [ 64%] Built target mp_msgs__rosidl_typesupport_c
[0.284s] [ 74%] Built target mp_msgs__rosidl_typesupport_fastrtps_c
[0.361s] [ 74%] Built target mp_msgs
[0.409s] [ 76%] Built target mp_msgs__py
[0.459s] [ 84%] Built target mp_msgs__rosidl_generator_py
[0.514s] [ 89%] Built target mp_msgs__rosidl_typesupport_c__pyext
[0.516s] [100%] Built target mp_msgs__rosidl_typesupport_fastrtps_c__pyext
[0.516s] [100%] Built target mp_msgs__rosidl_typesupport_introspection_c__pyext
[0.795s] running egg_info
[0.796s] writing mp_msgs.egg-info/PKG-INFO
[0.796s] writing dependency_links to mp_msgs.egg-info/dependency_links.txt
[0.797s] writing top-level names to mp_msgs.egg-info/top_level.txt
[0.801s] reading manifest file 'mp_msgs.egg-info/SOURCES.txt'
[0.802s] writing manifest file 'mp_msgs.egg-info/SOURCES.txt'
[0.872s] [100%] Built target ament_cmake_python_build_mp_msgs_egg
[0.902s] Invoked command in '/home/aravind/mp_ws/build/mp_msgs' returned '0': CMAKE_PREFIX_PATH=/opt/ros/humble /usr/bin/cmake --build /home/aravind/mp_ws/build/mp_msgs -- -j12 -l12
[0.905s] Invoking command in '/home/aravind/mp_ws/build/mp_msgs': CMAKE_PREFIX_PATH=/opt/ros/humble /usr/bin/cmake --install /home/aravind/mp_ws/build/mp_msgs
[0.919s] -- Install configuration: ""
[0.919s] -- Up-to-date: /home/aravind/mp_ws/install/mp_msgs/share/ament_index/resource_index/rosidl_interfaces/mp_msgs
[0.919s] -- Up-to-date: /home/aravind/mp_ws/install/mp_msgs/include/mp_msgs/mp_msgs
[0.919s] -- Up-to-date: /home/aravind/mp_ws/install/mp_msgs/include/mp_msgs/mp_msgs/msg
[0.920s] -- Up-to-date: /home/aravind/mp_ws/install/mp_msgs/include/mp_msgs/mp_msgs/msg/rosidl_generator_c__visibility_control.h
[0.920s] -- Up-to-date: /home/aravind/mp_ws/install/mp_msgs/include/mp_msgs/mp_msgs/srv
[0.920s] -- Up-to-date: /home/aravind/mp_ws/install/mp_msgs/include/mp_msgs/mp_msgs/srv/euler_to_quaternion.h
[0.920s] -- Up-to-date: /home/aravind/mp_ws/install/mp_msgs/include/mp_msgs/mp_msgs/srv/quaternion_to_euler.h
[0.920s] -- Up-to-date: /home/aravind/mp_ws/install/mp_msgs/include/mp_msgs/mp_msgs/srv/detail
[0.920s] -- Up-to-date: /home/aravind/mp_ws/install/mp_msgs/include/mp_msgs/mp_msgs/srv/detail/quaternion_to_euler__functions.h
[0.920s] -- Up-to-date: /home/aravind/mp_ws/install/mp_msgs/include/mp_msgs/mp_msgs/srv/detail/quaternion_to_euler__struct.h
[0.920s] -- Up-to-date: /home/aravind/mp_ws/install/mp_msgs/include/mp_msgs/mp_msgs/srv/detail/euler_to_quaternion__functions.h
[0.921s] -- Up-to-date: /home/aravind/mp_ws/install/mp_msgs/include/mp_msgs/mp_msgs/srv/detail/euler_to_quaternion__struct.h
[0.921s] -- Up-to-date: /home/aravind/mp_ws/install/mp_msgs/include/mp_msgs/mp_msgs/srv/detail/quaternion_to_euler__type_support.h
[0.921s] -- Up-to-date: /home/aravind/mp_ws/install/mp_msgs/include/mp_msgs/mp_msgs/srv/detail/euler_to_quaternion__type_support.h
[0.921s] -- Up-to-date: /home/aravind/mp_ws/install/mp_msgs/include/mp_msgs/mp_msgs/srv/detail/euler_to_quaternion__functions.c
[0.921s] -- Up-to-date: /home/aravind/mp_ws/install/mp_msgs/include/mp_msgs/mp_msgs/srv/detail/quaternion_to_euler__functions.c
[0.921s] -- Up-to-date: /home/aravind/mp_ws/install/mp_msgs/share/mp_msgs/environment/library_path.sh
[0.921s] -- Up-to-date: /home/aravind/mp_ws/install/mp_msgs/share/mp_msgs/environment/library_path.dsv
[0.922s] -- Up-to-date: /home/aravind/mp_ws/install/mp_msgs/lib/libmp_msgs__rosidl_generator_c.so
[0.922s] -- Up-to-date: /home/aravind/mp_ws/install/mp_msgs/include/mp_msgs/mp_msgs
[0.922s] -- Up-to-date: /home/aravind/mp_ws/install/mp_msgs/include/mp_msgs/mp_msgs/msg
[0.923s] -- Up-to-date: /home/aravind/mp_ws/install/mp_msgs/include/mp_msgs/mp_msgs/msg/rosidl_typesupport_fastrtps_c__visibility_control.h
[0.923s] -- Up-to-date: /home/aravind/mp_ws/install/mp_msgs/include/mp_msgs/mp_msgs/srv
[0.923s] -- Up-to-date: /home/aravind/mp_ws/install/mp_msgs/include/mp_msgs/mp_msgs/srv/detail
[0.924s] -- Up-to-date: /home/aravind/mp_ws/install/mp_msgs/include/mp_msgs/mp_msgs/srv/detail/quaternion_to_euler__rosidl_typesupport_fastrtps_c.h
[0.924s] -- Up-to-date: /home/aravind/mp_ws/install/mp_msgs/include/mp_msgs/mp_msgs/srv/detail/euler_to_quaternion__rosidl_typesupport_fastrtps_c.h
[0.924s] -- Up-to-date: /home/aravind/mp_ws/install/mp_msgs/lib/libmp_msgs__rosidl_typesupport_fastrtps_c.so
[0.925s] -- Up-to-date: /home/aravind/mp_ws/install/mp_msgs/include/mp_msgs/mp_msgs
[0.925s] -- Up-to-date: /home/aravind/mp_ws/install/mp_msgs/include/mp_msgs/mp_msgs/msg
[0.926s] -- Up-to-date: /home/aravind/mp_ws/install/mp_msgs/include/mp_msgs/mp_msgs/msg/rosidl_generator_cpp__visibility_control.hpp
[0.926s] -- Up-to-date: /home/aravind/mp_ws/install/mp_msgs/include/mp_msgs/mp_msgs/srv
[0.926s] -- Up-to-date: /home/aravind/mp_ws/install/mp_msgs/include/mp_msgs/mp_msgs/srv/euler_to_quaternion.hpp
[0.926s] -- Up-to-date: /home/aravind/mp_ws/install/mp_msgs/include/mp_msgs/mp_msgs/srv/detail
[0.926s] -- Up-to-date: /home/aravind/mp_ws/install/mp_msgs/include/mp_msgs/mp_msgs/srv/detail/quaternion_to_euler__struct.hpp
[0.927s] -- Up-to-date: /home/aravind/mp_ws/install/mp_msgs/include/mp_msgs/mp_msgs/srv/detail/euler_to_quaternion__type_support.hpp
[0.927s] -- Up-to-date: /home/aravind/mp_ws/install/mp_msgs/include/mp_msgs/mp_msgs/srv/detail/euler_to_quaternion__traits.hpp
[0.927s] -- Up-to-date: /home/aravind/mp_ws/install/mp_msgs/include/mp_msgs/mp_msgs/srv/detail/euler_to_quaternion__struct.hpp
[0.927s] -- Up-to-date: /home/aravind/mp_ws/install/mp_msgs/include/mp_msgs/mp_msgs/srv/detail/euler_to_quaternion__builder.hpp
[0.927s] -- Up-to-date: /home/aravind/mp_ws/install/mp_msgs/include/mp_msgs/mp_msgs/srv/detail/quaternion_to_euler__traits.hpp
[0.927s] -- Up-to-date: /home/aravind/mp_ws/install/mp_msgs/include/mp_msgs/mp_msgs/srv/detail/quaternion_to_euler__builder.hpp
[0.927s] -- Up-to-date: /home/aravind/mp_ws/install/mp_msgs/include/mp_msgs/mp_msgs/srv/detail/quaternion_to_euler__type_support.hpp
[0.928s] -- Up-to-date: /home/aravind/mp_ws/install/mp_msgs/include/mp_msgs/mp_msgs/srv/quaternion_to_euler.hpp
[0.928s] -- Up-to-date: /home/aravind/mp_ws/install/mp_msgs/include/mp_msgs/mp_msgs
[0.928s] -- Up-to-date: /home/aravind/mp_ws/install/mp_msgs/include/mp_msgs/mp_msgs/msg
[0.928s] -- Up-to-date: /home/aravind/mp_ws/install/mp_msgs/include/mp_msgs/mp_msgs/msg/rosidl_typesupport_fastrtps_cpp__visibility_control.h
[0.928s] -- Up-to-date: /home/aravind/mp_ws/install/mp_msgs/include/mp_msgs/mp_msgs/srv
[0.928s] -- Up-to-date: /home/aravind/mp_ws/install/mp_msgs/include/mp_msgs/mp_msgs/srv/detail
[0.928s] -- Up-to-date: /home/aravind/mp_ws/install/mp_msgs/include/mp_msgs/mp_msgs/srv/detail/quaternion_to_euler__rosidl_typesupport_fastrtps_cpp.hpp
[0.929s] -- Up-to-date: /home/aravind/mp_ws/install/mp_msgs/include/mp_msgs/mp_msgs/srv/detail/dds_fastrtps
[0.929s] -- Up-to-date: /home/aravind/mp_ws/install/mp_msgs/include/mp_msgs/mp_msgs/srv/detail/euler_to_quaternion__rosidl_typesupport_fastrtps_cpp.hpp
[0.929s] -- Up-to-date: /home/aravind/mp_ws/install/mp_msgs/lib/libmp_msgs__rosidl_typesupport_fastrtps_cpp.so
[0.929s] -- Up-to-date: /home/aravind/mp_ws/install/mp_msgs/include/mp_msgs/mp_msgs
[0.929s] -- Up-to-date: /home/aravind/mp_ws/install/mp_msgs/include/mp_msgs/mp_msgs/msg
[0.929s] -- Up-to-date: /home/aravind/mp_ws/install/mp_msgs/include/mp_msgs/mp_msgs/msg/rosidl_typesupport_introspection_c__visibility_control.h
[0.929s] -- Up-to-date: /home/aravind/mp_ws/install/mp_msgs/include/mp_msgs/mp_msgs/srv
[0.930s] -- Up-to-date: /home/aravind/mp_ws/install/mp_msgs/include/mp_msgs/mp_msgs/srv/detail
[0.930s] -- Up-to-date: /home/aravind/mp_ws/install/mp_msgs/include/mp_msgs/mp_msgs/srv/detail/quaternion_to_euler__rosidl_typesupport_introspection_c.h
[0.930s] -- Up-to-date: /home/aravind/mp_ws/install/mp_msgs/include/mp_msgs/mp_msgs/srv/detail/quaternion_to_euler__type_support.c
[0.930s] -- Up-to-date: /home/aravind/mp_ws/install/mp_msgs/include/mp_msgs/mp_msgs/srv/detail/euler_to_quaternion__rosidl_typesupport_introspection_c.h
[0.930s] -- Up-to-date: /home/aravind/mp_ws/install/mp_msgs/include/mp_msgs/mp_msgs/srv/detail/euler_to_quaternion__type_support.c
[0.930s] -- Up-to-date: /home/aravind/mp_ws/install/mp_msgs/lib/libmp_msgs__rosidl_typesupport_introspection_c.so
[0.930s] -- Up-to-date: /home/aravind/mp_ws/install/mp_msgs/lib/libmp_msgs__rosidl_typesupport_c.so
[0.931s] -- Up-to-date: /home/aravind/mp_ws/install/mp_msgs/include/mp_msgs/mp_msgs
[0.931s] -- Up-to-date: /home/aravind/mp_ws/install/mp_msgs/include/mp_msgs/mp_msgs/srv
[0.931s] -- Up-to-date: /home/aravind/mp_ws/install/mp_msgs/include/mp_msgs/mp_msgs/srv/detail
[0.931s] -- Up-to-date: /home/aravind/mp_ws/install/mp_msgs/include/mp_msgs/mp_msgs/srv/detail/quaternion_to_euler__rosidl_typesupport_introspection_cpp.hpp
[0.931s] -- Up-to-date: /home/aravind/mp_ws/install/mp_msgs/include/mp_msgs/mp_msgs/srv/detail/euler_to_quaternion__type_support.cpp
[0.931s] -- Up-to-date: /home/aravind/mp_ws/install/mp_msgs/include/mp_msgs/mp_msgs/srv/detail/quaternion_to_euler__type_support.cpp
[0.932s] -- Up-to-date: /home/aravind/mp_ws/install/mp_msgs/include/mp_msgs/mp_msgs/srv/detail/euler_to_quaternion__rosidl_typesupport_introspection_cpp.hpp
[0.932s] -- Up-to-date: /home/aravind/mp_ws/install/mp_msgs/lib/libmp_msgs__rosidl_typesupport_introspection_cpp.so
[0.932s] -- Up-to-date: /home/aravind/mp_ws/install/mp_msgs/lib/libmp_msgs__rosidl_typesupport_cpp.so
[0.932s] -- Up-to-date: /home/aravind/mp_ws/install/mp_msgs/share/mp_msgs/environment/pythonpath.sh
[0.932s] -- Up-to-date: /home/aravind/mp_ws/install/mp_msgs/share/mp_msgs/environment/pythonpath.dsv
[0.932s] -- Up-to-date: /home/aravind/mp_ws/install/mp_msgs/local/lib/python3.10/dist-packages/mp_msgs-0.0.0-py3.10.egg-info
[0.933s] -- Installing: /home/aravind/mp_ws/install/mp_msgs/local/lib/python3.10/dist-packages/mp_msgs-0.0.0-py3.10.egg-info/SOURCES.txt
[0.933s] -- Installing: /home/aravind/mp_ws/install/mp_msgs/local/lib/python3.10/dist-packages/mp_msgs-0.0.0-py3.10.egg-info/top_level.txt
[0.933s] -- Installing: /home/aravind/mp_ws/install/mp_msgs/local/lib/python3.10/dist-packages/mp_msgs-0.0.0-py3.10.egg-info/dependency_links.txt
[0.933s] -- Installing: /home/aravind/mp_ws/install/mp_msgs/local/lib/python3.10/dist-packages/mp_msgs-0.0.0-py3.10.egg-info/PKG-INFO
[0.933s] -- Up-to-date: /home/aravind/mp_ws/install/mp_msgs/local/lib/python3.10/dist-packages/mp_msgs
[0.933s] -- Up-to-date: /home/aravind/mp_ws/install/mp_msgs/local/lib/python3.10/dist-packages/mp_msgs/__init__.py
[0.933s] -- Up-to-date: /home/aravind/mp_ws/install/mp_msgs/local/lib/python3.10/dist-packages/mp_msgs/_mp_msgs_s.ep.rosidl_typesupport_fastrtps_c.c
[0.934s] -- Up-to-date: /home/aravind/mp_ws/install/mp_msgs/local/lib/python3.10/dist-packages/mp_msgs/_mp_msgs_s.ep.rosidl_typesupport_introspection_c.c
[0.934s] -- Up-to-date: /home/aravind/mp_ws/install/mp_msgs/local/lib/python3.10/dist-packages/mp_msgs/mp_msgs_s__rosidl_typesupport_introspection_c.cpython-310-x86_64-linux-gnu.so
[0.934s] -- Up-to-date: /home/aravind/mp_ws/install/mp_msgs/local/lib/python3.10/dist-packages/mp_msgs/libmp_msgs__rosidl_generator_py.so
[0.934s] -- Up-to-date: /home/aravind/mp_ws/install/mp_msgs/local/lib/python3.10/dist-packages/mp_msgs/srv
[0.934s] -- Up-to-date: /home/aravind/mp_ws/install/mp_msgs/local/lib/python3.10/dist-packages/mp_msgs/srv/__init__.py
[0.934s] -- Up-to-date: /home/aravind/mp_ws/install/mp_msgs/local/lib/python3.10/dist-packages/mp_msgs/srv/_euler_to_quaternion.py
[0.935s] -- Up-to-date: /home/aravind/mp_ws/install/mp_msgs/local/lib/python3.10/dist-packages/mp_msgs/srv/_quaternion_to_euler.py
[0.935s] -- Up-to-date: /home/aravind/mp_ws/install/mp_msgs/local/lib/python3.10/dist-packages/mp_msgs/srv/_euler_to_quaternion_s.c
[0.935s] -- Up-to-date: /home/aravind/mp_ws/install/mp_msgs/local/lib/python3.10/dist-packages/mp_msgs/srv/_quaternion_to_euler_s.c
[0.935s] -- Up-to-date: /home/aravind/mp_ws/install/mp_msgs/local/lib/python3.10/dist-packages/mp_msgs/mp_msgs_s__rosidl_typesupport_c.cpython-310-x86_64-linux-gnu.so
[0.935s] -- Up-to-date: /home/aravind/mp_ws/install/mp_msgs/local/lib/python3.10/dist-packages/mp_msgs/mp_msgs_s__rosidl_typesupport_fastrtps_c.cpython-310-x86_64-linux-gnu.so
[0.935s] -- Up-to-date: /home/aravind/mp_ws/install/mp_msgs/local/lib/python3.10/dist-packages/mp_msgs/_mp_msgs_s.ep.rosidl_typesupport_c.c
[1.014s] Listing '/home/aravind/mp_ws/install/mp_msgs/local/lib/python3.10/dist-packages/mp_msgs'...
[1.014s] Listing '/home/aravind/mp_ws/install/mp_msgs/local/lib/python3.10/dist-packages/mp_msgs/srv'...
[1.027s] -- Up-to-date: /home/aravind/mp_ws/install/mp_msgs/local/lib/python3.10/dist-packages/mp_msgs/mp_msgs_s__rosidl_typesupport_fastrtps_c.cpython-310-x86_64-linux-gnu.so
[1.027s] -- Up-to-date: /home/aravind/mp_ws/install/mp_msgs/local/lib/python3.10/dist-packages/mp_msgs/mp_msgs_s__rosidl_typesupport_introspection_c.cpython-310-x86_64-linux-gnu.so
[1.028s] -- Up-to-date: /home/aravind/mp_ws/install/mp_msgs/local/lib/python3.10/dist-packages/mp_msgs/mp_msgs_s__rosidl_typesupport_c.cpython-310-x86_64-linux-gnu.so
[1.028s] -- Up-to-date: /home/aravind/mp_ws/install/mp_msgs/lib/libmp_msgs__rosidl_generator_py.so
[1.029s] -- Up-to-date: /home/aravind/mp_ws/install/mp_msgs/share/mp_msgs/srv/EulerToQuaternion.idl
[1.029s] -- Up-to-date: /home/aravind/mp_ws/install/mp_msgs/share/mp_msgs/srv/QuaternionToEuler.idl
[1.030s] -- Up-to-date: /home/aravind/mp_ws/install/mp_msgs/share/mp_msgs/srv/EulerToQuaternion.srv
[1.030s] -- Up-to-date: /home/aravind/mp_ws/install/mp_msgs/share/mp_msgs/srv/EulerToQuaternion_Request.msg
[1.030s] -- Up-to-date: /home/aravind/mp_ws/install/mp_msgs/share/mp_msgs/srv/EulerToQuaternion_Response.msg
[1.030s] -- Up-to-date: /home/aravind/mp_ws/install/mp_msgs/share/mp_msgs/srv/QuaternionToEuler.srv
[1.030s] -- Up-to-date: /home/aravind/mp_ws/install/mp_msgs/share/mp_msgs/srv/QuaternionToEuler_Request.msg
[1.030s] -- Up-to-date: /home/aravind/mp_ws/install/mp_msgs/share/mp_msgs/srv/QuaternionToEuler_Response.msg
[1.031s] -- Up-to-date: /home/aravind/mp_ws/install/mp_msgs/share/ament_index/resource_index/package_run_dependencies/mp_msgs
[1.031s] -- Up-to-date: /home/aravind/mp_ws/install/mp_msgs/share/ament_index/resource_index/parent_prefix_path/mp_msgs
[1.031s] -- Up-to-date: /home/aravind/mp_ws/install/mp_msgs/share/mp_msgs/environment/ament_prefix_path.sh
[1.031s] -- Up-to-date: /home/aravind/mp_ws/install/mp_msgs/share/mp_msgs/environment/ament_prefix_path.dsv
[1.031s] -- Up-to-date: /home/aravind/mp_ws/install/mp_msgs/share/mp_msgs/environment/path.sh
[1.033s] -- Up-to-date: /home/aravind/mp_ws/install/mp_msgs/share/mp_msgs/environment/path.dsv
[1.034s] -- Up-to-date: /home/aravind/mp_ws/install/mp_msgs/share/mp_msgs/local_setup.bash
[1.035s] -- Up-to-date: /home/aravind/mp_ws/install/mp_msgs/share/mp_msgs/local_setup.sh
[1.038s] -- Up-to-date: /home/aravind/mp_ws/install/mp_msgs/share/mp_msgs/local_setup.zsh
[1.040s] -- Up-to-date: /home/aravind/mp_ws/install/mp_msgs/share/mp_msgs/local_setup.dsv
[1.040s] -- Installing: /home/aravind/mp_ws/install/mp_msgs/share/mp_msgs/package.dsv
[1.040s] -- Up-to-date: /home/aravind/mp_ws/install/mp_msgs/share/ament_index/resource_index/packages/mp_msgs
[1.040s] -- Up-to-date: /home/aravind/mp_ws/install/mp_msgs/share/mp_msgs/cmake/export_mp_msgs__rosidl_generator_cExport.cmake
[1.040s] -- Up-to-date: /home/aravind/mp_ws/install/mp_msgs/share/mp_msgs/cmake/export_mp_msgs__rosidl_generator_cExport-noconfig.cmake
[1.041s] -- Up-to-date: /home/aravind/mp_ws/install/mp_msgs/share/mp_msgs/cmake/export_mp_msgs__rosidl_typesupport_fastrtps_cExport.cmake
[1.041s] -- Up-to-date: /home/aravind/mp_ws/install/mp_msgs/share/mp_msgs/cmake/export_mp_msgs__rosidl_typesupport_fastrtps_cExport-noconfig.cmake
[1.041s] -- Up-to-date: /home/aravind/mp_ws/install/mp_msgs/share/mp_msgs/cmake/export_mp_msgs__rosidl_generator_cppExport.cmake
[1.041s] -- Up-to-date: /home/aravind/mp_ws/install/mp_msgs/share/mp_msgs/cmake/export_mp_msgs__rosidl_typesupport_fastrtps_cppExport.cmake
[1.041s] -- Up-to-date: /home/aravind/mp_ws/install/mp_msgs/share/mp_msgs/cmake/export_mp_msgs__rosidl_typesupport_fastrtps_cppExport-noconfig.cmake
[1.041s] -- Up-to-date: /home/aravind/mp_ws/install/mp_msgs/share/mp_msgs/cmake/mp_msgs__rosidl_typesupport_introspection_cExport.cmake
[1.042s] -- Up-to-date: /home/aravind/mp_ws/install/mp_msgs/share/mp_msgs/cmake/mp_msgs__rosidl_typesupport_introspection_cExport-noconfig.cmake
[1.042s] -- Up-to-date: /home/aravind/mp_ws/install/mp_msgs/share/mp_msgs/cmake/mp_msgs__rosidl_typesupport_cExport.cmake
[1.042s] -- Up-to-date: /home/aravind/mp_ws/install/mp_msgs/share/mp_msgs/cmake/mp_msgs__rosidl_typesupport_cExport-noconfig.cmake
[1.042s] -- Up-to-date: /home/aravind/mp_ws/install/mp_msgs/share/mp_msgs/cmake/mp_msgs__rosidl_typesupport_introspection_cppExport.cmake
[1.042s] -- Up-to-date: /home/aravind/mp_ws/install/mp_msgs/share/mp_msgs/cmake/mp_msgs__rosidl_typesupport_introspection_cppExport-noconfig.cmake
[1.042s] -- Up-to-date: /home/aravind/mp_ws/install/mp_msgs/share/mp_msgs/cmake/mp_msgs__rosidl_typesupport_cppExport.cmake
[1.042s] -- Up-to-date: /home/aravind/mp_ws/install/mp_msgs/share/mp_msgs/cmake/mp_msgs__rosidl_typesupport_cppExport-noconfig.cmake
[1.042s] -- Up-to-date: /home/aravind/mp_ws/install/mp_msgs/share/mp_msgs/cmake/export_mp_msgs__rosidl_generator_pyExport.cmake
[1.043s] -- Up-to-date: /home/aravind/mp_ws/install/mp_msgs/share/mp_msgs/cmake/export_mp_msgs__rosidl_generator_pyExport-noconfig.cmake
[1.043s] -- Up-to-date: /home/aravind/mp_ws/install/mp_msgs/share/mp_msgs/cmake/rosidl_cmake-extras.cmake
[1.043s] -- Up-to-date: /home/aravind/mp_ws/install/mp_msgs/share/mp_msgs/cmake/ament_cmake_export_include_directories-extras.cmake
[1.043s] -- Up-to-date: /home/aravind/mp_ws/install/mp_msgs/share/mp_msgs/cmake/ament_cmake_export_libraries-extras.cmake
[1.043s] -- Up-to-date: /home/aravind/mp_ws/install/mp_msgs/share/mp_msgs/cmake/ament_cmake_export_targets-extras.cmake
[1.043s] -- Up-to-date: /home/aravind/mp_ws/install/mp_msgs/share/mp_msgs/cmake/rosidl_cmake_export_typesupport_targets-extras.cmake
[1.043s] -- Up-to-date: /home/aravind/mp_ws/install/mp_msgs/share/mp_msgs/cmake/ament_cmake_export_dependencies-extras.cmake
[1.043s] -- Up-to-date: /home/aravind/mp_ws/install/mp_msgs/share/mp_msgs/cmake/rosidl_cmake_export_typesupport_libraries-extras.cmake
[1.044s] -- Up-to-date: /home/aravind/mp_ws/install/mp_msgs/share/mp_msgs/cmake/mp_msgsConfig.cmake
[1.044s] -- Up-to-date: /home/aravind/mp_ws/install/mp_msgs/share/mp_msgs/cmake/mp_msgsConfig-version.cmake
[1.044s] -- Up-to-date: /home/aravind/mp_ws/install/mp_msgs/share/mp_msgs/package.xml
[1.049s] Invoked command in '/home/aravind/mp_ws/build/mp_msgs' returned '0': CMAKE_PREFIX_PATH=/opt/ros/humble /usr/bin/cmake --install /home/aravind/mp_ws/build/mp_msgs
