[3.446s] Invoking command in '/home/aravind/mp_ws/src/mp_aruco': PYTHONPATH=/home/aravind/mp_ws/build/mp_aruco/prefix_override:/usr/lib/python3/dist-packages/colcon_core/task/python/colcon_distutils_commands:/home/aravind/mp_ws/install/mp_aruco/lib/python3.10/site-packages:${PYTHONPATH} /usr/bin/python3 -W ignore:setup.py install is deprecated -W ignore:easy_install command is deprecated setup.py egg_info --egg-base ../../build/mp_aruco build --build-base /home/aravind/mp_ws/build/mp_aruco/build install --record /home/aravind/mp_ws/build/mp_aruco/install.log --single-version-externally-managed install_data
[4.508s] running egg_info
[4.509s] writing ../../build/mp_aruco/mp_aruco.egg-info/PKG-INFO
[4.509s] writing dependency_links to ../../build/mp_aruco/mp_aruco.egg-info/dependency_links.txt
[4.510s] writing entry points to ../../build/mp_aruco/mp_aruco.egg-info/entry_points.txt
[4.511s] writing requirements to ../../build/mp_aruco/mp_aruco.egg-info/requires.txt
[4.511s] writing top-level names to ../../build/mp_aruco/mp_aruco.egg-info/top_level.txt
[4.526s] reading manifest file '../../build/mp_aruco/mp_aruco.egg-info/SOURCES.txt'
[4.527s] writing manifest file '../../build/mp_aruco/mp_aruco.egg-info/SOURCES.txt'
[4.528s] running build
[4.528s] running build_py
[4.534s] running install
[4.536s] running install_lib
[4.544s] running install_data
[4.544s] running install_egg_info
[4.557s] removing '/home/aravind/mp_ws/install/mp_aruco/lib/python3.10/site-packages/mp_aruco-0.0.0-py3.10.egg-info' (and everything under it)
[4.559s] Copying ../../build/mp_aruco/mp_aruco.egg-info to /home/aravind/mp_ws/install/mp_aruco/lib/python3.10/site-packages/mp_aruco-0.0.0-py3.10.egg-info
[4.562s] running install_scripts
[4.684s] Installing marker_detector script to /home/aravind/mp_ws/install/mp_aruco/lib/mp_aruco
[4.689s] writing list of installed files to '/home/aravind/mp_ws/build/mp_aruco/install.log'
[5.072s] Invoked command in '/home/aravind/mp_ws/src/mp_aruco' returned '0': PYTHONPATH=/home/aravind/mp_ws/build/mp_aruco/prefix_override:/usr/lib/python3/dist-packages/colcon_core/task/python/colcon_distutils_commands:/home/aravind/mp_ws/install/mp_aruco/lib/python3.10/site-packages:${PYTHONPATH} /usr/bin/python3 -W ignore:setup.py install is deprecated -W ignore:easy_install command is deprecated setup.py egg_info --egg-base ../../build/mp_aruco build --build-base /home/aravind/mp_ws/build/mp_aruco/build install --record /home/aravind/mp_ws/build/mp_aruco/install.log --single-version-externally-managed install_data
