[0.106s] Invoking command in '/home/aravind/mp_ws/build/mp_description': CMAKE_PREFIX_PATH=/opt/ros/humble /usr/bin/cmake --build /home/aravind/mp_ws/build/mp_description -- -j12 -l12
[0.327s] Invoked command in '/home/aravind/mp_ws/build/mp_description' returned '0': CMAKE_PREFIX_PATH=/opt/ros/humble /usr/bin/cmake --build /home/aravind/mp_ws/build/mp_description -- -j12 -l12
[0.334s] Invoking command in '/home/aravind/mp_ws/build/mp_description': CMAKE_PREFIX_PATH=/opt/ros/humble /usr/bin/cmake --install /home/aravind/mp_ws/build/mp_description
[0.416s] -- Install configuration: ""
[0.418s] -- Up-to-date: /home/aravind/mp_ws/install/mp_description/share/mp_description/meshes
[0.418s] -- Up-to-date: /home/aravind/mp_ws/install/mp_description/share/mp_description/meshes/pi_camera.STL
[0.419s] -- Up-to-date: /home/aravind/mp_ws/install/mp_description/share/mp_description/meshes/mp_gripperlink1.STL
[0.419s] -- Up-to-date: /home/aravind/mp_ws/install/mp_description/share/mp_description/meshes/mp_link4.STL
[0.419s] -- Up-to-date: /home/aravind/mp_ws/install/mp_description/share/mp_description/meshes/mp_gripper.STL
[0.419s] -- Up-to-date: /home/aravind/mp_ws/install/mp_description/share/mp_description/meshes/mp_rack.STL
[0.420s] -- Up-to-date: /home/aravind/mp_ws/install/mp_description/share/mp_description/meshes/mp_link3.STL
[0.437s] -- Up-to-date: /home/aravind/mp_ws/install/mp_description/share/mp_description/meshes/mp_gripperlink2.STL
[0.441s] -- Up-to-date: /home/aravind/mp_ws/install/mp_description/share/mp_description/meshes/mp_link1.STL
[0.446s] -- Up-to-date: /home/aravind/mp_ws/install/mp_description/share/mp_description/meshes/mp_pallet.STL
[0.447s] -- Up-to-date: /home/aravind/mp_ws/install/mp_description/share/mp_description/meshes/mp_link5.STL
[0.447s] -- Up-to-date: /home/aravind/mp_ws/install/mp_description/share/mp_description/meshes/mp_cube.STL
[0.448s] -- Up-to-date: /home/aravind/mp_ws/install/mp_description/share/mp_description/meshes/mp_link2.STL
[0.452s] -- Up-to-date: /home/aravind/mp_ws/install/mp_description/share/mp_description/meshes/mp_base.STL
[0.455s] -- Up-to-date: /home/aravind/mp_ws/install/mp_description/share/mp_description/meshes/mp_link6.STL
[0.458s] -- Up-to-date: /home/aravind/mp_ws/install/mp_description/share/mp_description/urdf
[0.459s] -- Up-to-date: /home/aravind/mp_ws/install/mp_description/share/mp_description/urdf/mp_gazebo.xacro
[0.459s] -- Up-to-date: /home/aravind/mp_ws/install/mp_description/share/mp_description/urdf/mp_ros2_control.xacro
[0.460s] -- Up-to-date: /home/aravind/mp_ws/install/mp_description/share/mp_description/urdf/mp.urdf.xacro
[0.460s] -- Up-to-date: /home/aravind/mp_ws/install/mp_description/share/mp_description/launch
[0.461s] -- Up-to-date: /home/aravind/mp_ws/install/mp_description/share/mp_description/launch/display.launch.py
[0.463s] -- Up-to-date: /home/aravind/mp_ws/install/mp_description/share/mp_description/launch/gazebo.launch.py
[0.464s] -- Up-to-date: /home/aravind/mp_ws/install/mp_description/share/mp_description/rviz
[0.467s] -- Up-to-date: /home/aravind/mp_ws/install/mp_description/share/mp_description/rviz/display.rviz
[0.468s] -- Up-to-date: /home/aravind/mp_ws/install/mp_description/share/ament_index/resource_index/package_run_dependencies/mp_description
[0.470s] -- Up-to-date: /home/aravind/mp_ws/install/mp_description/share/ament_index/resource_index/parent_prefix_path/mp_description
[0.470s] -- Up-to-date: /home/aravind/mp_ws/install/mp_description/share/mp_description/environment/ament_prefix_path.sh
[0.470s] -- Up-to-date: /home/aravind/mp_ws/install/mp_description/share/mp_description/environment/ament_prefix_path.dsv
[0.471s] -- Up-to-date: /home/aravind/mp_ws/install/mp_description/share/mp_description/environment/path.sh
[0.474s] -- Up-to-date: /home/aravind/mp_ws/install/mp_description/share/mp_description/environment/path.dsv
[0.475s] -- Up-to-date: /home/aravind/mp_ws/install/mp_description/share/mp_description/local_setup.bash
[0.475s] -- Up-to-date: /home/aravind/mp_ws/install/mp_description/share/mp_description/local_setup.sh
[0.478s] -- Up-to-date: /home/aravind/mp_ws/install/mp_description/share/mp_description/local_setup.zsh
[0.478s] -- Up-to-date: /home/aravind/mp_ws/install/mp_description/share/mp_description/local_setup.dsv
[0.480s] -- Installing: /home/aravind/mp_ws/install/mp_description/share/mp_description/package.dsv
[0.480s] -- Up-to-date: /home/aravind/mp_ws/install/mp_description/share/ament_index/resource_index/packages/mp_description
[0.486s] -- Up-to-date: /home/aravind/mp_ws/install/mp_description/share/mp_description/cmake/mp_descriptionConfig.cmake
[0.490s] -- Up-to-date: /home/aravind/mp_ws/install/mp_description/share/mp_description/cmake/mp_descriptionConfig-version.cmake
[0.497s] -- Up-to-date: /home/aravind/mp_ws/install/mp_description/share/mp_description/package.xml
[0.589s] Invoked command in '/home/aravind/mp_ws/build/mp_description' returned '0': CMAKE_PREFIX_PATH=/opt/ros/humble /usr/bin/cmake --install /home/aravind/mp_ws/build/mp_description
