[0.025s] Invoking command in '/home/aravind/mp_ws/build/mp_utils': AMENT_PREFIX_PATH=/home/aravind/mp_ws/install/mp_msgs:${AMENT_PREFIX_PATH} CMAKE_PREFIX_PATH=/home/aravind/mp_ws/install/mp_msgs:/opt/ros/humble LD_LIBRARY_PATH=/home/aravind/mp_ws/install/mp_msgs/lib:${LD_LIBRARY_PATH} PYTHONPATH=/home/aravind/mp_ws/install/mp_msgs/local/lib/python3.10/dist-packages:${PYTHONPATH} /usr/bin/cmake --build /home/aravind/mp_ws/build/mp_utils -- -j12 -l12
[0.132s] Built target ament_cmake_python_copy_mp_utils
[0.587s] running egg_info
[0.588s] writing mp_utils.egg-info/PKG-INFO
[0.588s] writing dependency_links to mp_utils.egg-info/dependency_links.txt
[0.589s] writing top-level names to mp_utils.egg-info/top_level.txt
[0.592s] reading manifest file 'mp_utils.egg-info/SOURCES.txt'
[0.593s] writing manifest file 'mp_utils.egg-info/SOURCES.txt'
[0.648s] Built target ament_cmake_python_build_mp_utils_egg
[0.669s] Invoked command in '/home/aravind/mp_ws/build/mp_utils' returned '0': AMENT_PREFIX_PATH=/home/aravind/mp_ws/install/mp_msgs:${AMENT_PREFIX_PATH} CMAKE_PREFIX_PATH=/home/aravind/mp_ws/install/mp_msgs:/opt/ros/humble LD_LIBRARY_PATH=/home/aravind/mp_ws/install/mp_msgs/lib:${LD_LIBRARY_PATH} PYTHONPATH=/home/aravind/mp_ws/install/mp_msgs/local/lib/python3.10/dist-packages:${PYTHONPATH} /usr/bin/cmake --build /home/aravind/mp_ws/build/mp_utils -- -j12 -l12
[0.672s] Invoking command in '/home/aravind/mp_ws/build/mp_utils': AMENT_PREFIX_PATH=/home/aravind/mp_ws/install/mp_msgs:${AMENT_PREFIX_PATH} CMAKE_PREFIX_PATH=/home/aravind/mp_ws/install/mp_msgs:/opt/ros/humble LD_LIBRARY_PATH=/home/aravind/mp_ws/install/mp_msgs/lib:${LD_LIBRARY_PATH} PYTHONPATH=/home/aravind/mp_ws/install/mp_msgs/local/lib/python3.10/dist-packages:${PYTHONPATH} /usr/bin/cmake --install /home/aravind/mp_ws/build/mp_utils
[0.686s] -- Install configuration: ""
[0.687s] -- Up-to-date: /home/aravind/mp_ws/install/mp_utils/share/mp_utils/environment/pythonpath.sh
[0.687s] -- Up-to-date: /home/aravind/mp_ws/install/mp_utils/share/mp_utils/environment/pythonpath.dsv
[0.687s] -- Up-to-date: /home/aravind/mp_ws/install/mp_utils/local/lib/python3.10/dist-packages/mp_utils-0.0.0-py3.10.egg-info
[0.687s] -- Installing: /home/aravind/mp_ws/install/mp_utils/local/lib/python3.10/dist-packages/mp_utils-0.0.0-py3.10.egg-info/SOURCES.txt
[0.688s] -- Installing: /home/aravind/mp_ws/install/mp_utils/local/lib/python3.10/dist-packages/mp_utils-0.0.0-py3.10.egg-info/top_level.txt
[0.688s] -- Installing: /home/aravind/mp_ws/install/mp_utils/local/lib/python3.10/dist-packages/mp_utils-0.0.0-py3.10.egg-info/dependency_links.txt
[0.689s] -- Installing: /home/aravind/mp_ws/install/mp_utils/local/lib/python3.10/dist-packages/mp_utils-0.0.0-py3.10.egg-info/PKG-INFO
[0.689s] -- Up-to-date: /home/aravind/mp_ws/install/mp_utils/local/lib/python3.10/dist-packages/mp_utils
[0.689s] -- Up-to-date: /home/aravind/mp_ws/install/mp_utils/local/lib/python3.10/dist-packages/mp_utils/__init__.py
[0.689s] -- Up-to-date: /home/aravind/mp_ws/install/mp_utils/local/lib/python3.10/dist-packages/mp_utils/angle_conversion.py
[0.759s] Listing '/home/aravind/mp_ws/install/mp_utils/local/lib/python3.10/dist-packages/mp_utils'...
[0.777s] -- Up-to-date: /home/aravind/mp_ws/install/mp_utils/lib/mp_utils/angle_conversion.py
[0.777s] -- Up-to-date: /home/aravind/mp_ws/install/mp_utils/share/ament_index/resource_index/package_run_dependencies/mp_utils
[0.777s] -- Up-to-date: /home/aravind/mp_ws/install/mp_utils/share/ament_index/resource_index/parent_prefix_path/mp_utils
[0.777s] -- Up-to-date: /home/aravind/mp_ws/install/mp_utils/share/mp_utils/environment/ament_prefix_path.sh
[0.777s] -- Up-to-date: /home/aravind/mp_ws/install/mp_utils/share/mp_utils/environment/ament_prefix_path.dsv
[0.777s] -- Up-to-date: /home/aravind/mp_ws/install/mp_utils/share/mp_utils/environment/path.sh
[0.777s] -- Up-to-date: /home/aravind/mp_ws/install/mp_utils/share/mp_utils/environment/path.dsv
[0.777s] -- Up-to-date: /home/aravind/mp_ws/install/mp_utils/share/mp_utils/local_setup.bash
[0.777s] -- Up-to-date: /home/aravind/mp_ws/install/mp_utils/share/mp_utils/local_setup.sh
[0.778s] -- Up-to-date: /home/aravind/mp_ws/install/mp_utils/share/mp_utils/local_setup.zsh
[0.778s] -- Up-to-date: /home/aravind/mp_ws/install/mp_utils/share/mp_utils/local_setup.dsv
[0.778s] -- Installing: /home/aravind/mp_ws/install/mp_utils/share/mp_utils/package.dsv
[0.778s] -- Up-to-date: /home/aravind/mp_ws/install/mp_utils/share/ament_index/resource_index/packages/mp_utils
[0.778s] -- Up-to-date: /home/aravind/mp_ws/install/mp_utils/share/mp_utils/cmake/mp_utilsConfig.cmake
[0.778s] -- Up-to-date: /home/aravind/mp_ws/install/mp_utils/share/mp_utils/cmake/mp_utilsConfig-version.cmake
[0.778s] -- Up-to-date: /home/aravind/mp_ws/install/mp_utils/share/mp_utils/package.xml
[0.783s] Invoked command in '/home/aravind/mp_ws/build/mp_utils' returned '0': AMENT_PREFIX_PATH=/home/aravind/mp_ws/install/mp_msgs:${AMENT_PREFIX_PATH} CMAKE_PREFIX_PATH=/home/aravind/mp_ws/install/mp_msgs:/opt/ros/humble LD_LIBRARY_PATH=/home/aravind/mp_ws/install/mp_msgs/lib:${LD_LIBRARY_PATH} PYTHONPATH=/home/aravind/mp_ws/install/mp_msgs/local/lib/python3.10/dist-packages:${PYTHONPATH} /usr/bin/cmake --install /home/aravind/mp_ws/build/mp_utils
