[0.010s] Invoking command in '/home/aravind/mp_ws/build/mp_utils': CMAKE_PREFIX_PATH=/home/aravind/mp_ws/install/mp_msgs:/home/aravind/mp_ws/install/mp_utils:/home/aravind/mp_ws/install/mp_moveit:/home/aravind/mp_ws/install/mp_description:/home/aravind/mp_ws/install/mp_controller:/home/aravind/mp_ws/install/mp_aruco_estimation:/opt/ros/humble /usr/bin/cmake --build /home/aravind/mp_ws/build/mp_utils -- -j12 -l12
[0.079s] Built target ament_cmake_python_copy_mp_utils
[0.354s] running egg_info
[0.355s] writing mp_utils.egg-info/PKG-INFO
[0.356s] writing dependency_links to mp_utils.egg-info/dependency_links.txt
[0.356s] writing top-level names to mp_utils.egg-info/top_level.txt
[0.358s] reading manifest file 'mp_utils.egg-info/SOURCES.txt'
[0.359s] writing manifest file 'mp_utils.egg-info/SOURCES.txt'
[0.388s] Built target ament_cmake_python_build_mp_utils_egg
[0.397s] Invoked command in '/home/aravind/mp_ws/build/mp_utils' returned '0': CMAKE_PREFIX_PATH=/home/aravind/mp_ws/install/mp_msgs:/home/aravind/mp_ws/install/mp_utils:/home/aravind/mp_ws/install/mp_moveit:/home/aravind/mp_ws/install/mp_description:/home/aravind/mp_ws/install/mp_controller:/home/aravind/mp_ws/install/mp_aruco_estimation:/opt/ros/humble /usr/bin/cmake --build /home/aravind/mp_ws/build/mp_utils -- -j12 -l12
[0.398s] Invoking command in '/home/aravind/mp_ws/build/mp_utils': CMAKE_PREFIX_PATH=/home/aravind/mp_ws/install/mp_msgs:/home/aravind/mp_ws/install/mp_utils:/home/aravind/mp_ws/install/mp_moveit:/home/aravind/mp_ws/install/mp_description:/home/aravind/mp_ws/install/mp_controller:/home/aravind/mp_ws/install/mp_aruco_estimation:/opt/ros/humble /usr/bin/cmake --install /home/aravind/mp_ws/build/mp_utils
[0.407s] -- Install configuration: ""
[0.407s] -- Up-to-date: /home/aravind/mp_ws/install/mp_utils/share/mp_utils/environment/pythonpath.sh
[0.407s] -- Up-to-date: /home/aravind/mp_ws/install/mp_utils/share/mp_utils/environment/pythonpath.dsv
[0.407s] -- Up-to-date: /home/aravind/mp_ws/install/mp_utils/local/lib/python3.10/dist-packages/mp_utils-0.0.0-py3.10.egg-info
[0.407s] -- Installing: /home/aravind/mp_ws/install/mp_utils/local/lib/python3.10/dist-packages/mp_utils-0.0.0-py3.10.egg-info/SOURCES.txt
[0.407s] -- Installing: /home/aravind/mp_ws/install/mp_utils/local/lib/python3.10/dist-packages/mp_utils-0.0.0-py3.10.egg-info/top_level.txt
[0.407s] -- Installing: /home/aravind/mp_ws/install/mp_utils/local/lib/python3.10/dist-packages/mp_utils-0.0.0-py3.10.egg-info/dependency_links.txt
[0.407s] -- Installing: /home/aravind/mp_ws/install/mp_utils/local/lib/python3.10/dist-packages/mp_utils-0.0.0-py3.10.egg-info/PKG-INFO
[0.408s] -- Up-to-date: /home/aravind/mp_ws/install/mp_utils/local/lib/python3.10/dist-packages/mp_utils
[0.408s] -- Up-to-date: /home/aravind/mp_ws/install/mp_utils/local/lib/python3.10/dist-packages/mp_utils/__init__.py
[0.408s] -- Up-to-date: /home/aravind/mp_ws/install/mp_utils/local/lib/python3.10/dist-packages/mp_utils/angle_conversion.py
[0.433s] Listing '/home/aravind/mp_ws/install/mp_utils/local/lib/python3.10/dist-packages/mp_utils'...
[0.436s] -- Up-to-date: /home/aravind/mp_ws/install/mp_utils/lib/mp_utils/angle_conversion.py
[0.436s] -- Up-to-date: /home/aravind/mp_ws/install/mp_utils/share/ament_index/resource_index/package_run_dependencies/mp_utils
[0.436s] -- Up-to-date: /home/aravind/mp_ws/install/mp_utils/share/ament_index/resource_index/parent_prefix_path/mp_utils
[0.437s] -- Up-to-date: /home/aravind/mp_ws/install/mp_utils/share/mp_utils/environment/ament_prefix_path.sh
[0.437s] -- Up-to-date: /home/aravind/mp_ws/install/mp_utils/share/mp_utils/environment/ament_prefix_path.dsv
[0.437s] -- Up-to-date: /home/aravind/mp_ws/install/mp_utils/share/mp_utils/environment/path.sh
[0.437s] -- Up-to-date: /home/aravind/mp_ws/install/mp_utils/share/mp_utils/environment/path.dsv
[0.437s] -- Up-to-date: /home/aravind/mp_ws/install/mp_utils/share/mp_utils/local_setup.bash
[0.437s] -- Up-to-date: /home/aravind/mp_ws/install/mp_utils/share/mp_utils/local_setup.sh
[0.437s] -- Up-to-date: /home/aravind/mp_ws/install/mp_utils/share/mp_utils/local_setup.zsh
[0.437s] -- Up-to-date: /home/aravind/mp_ws/install/mp_utils/share/mp_utils/local_setup.dsv
[0.438s] -- Installing: /home/aravind/mp_ws/install/mp_utils/share/mp_utils/package.dsv
[0.438s] -- Up-to-date: /home/aravind/mp_ws/install/mp_utils/share/ament_index/resource_index/packages/mp_utils
[0.438s] -- Up-to-date: /home/aravind/mp_ws/install/mp_utils/share/mp_utils/cmake/mp_utilsConfig.cmake
[0.438s] -- Up-to-date: /home/aravind/mp_ws/install/mp_utils/share/mp_utils/cmake/mp_utilsConfig-version.cmake
[0.438s] -- Up-to-date: /home/aravind/mp_ws/install/mp_utils/share/mp_utils/package.xml
[0.440s] Invoked command in '/home/aravind/mp_ws/build/mp_utils' returned '0': CMAKE_PREFIX_PATH=/home/aravind/mp_ws/install/mp_msgs:/home/aravind/mp_ws/install/mp_utils:/home/aravind/mp_ws/install/mp_moveit:/home/aravind/mp_ws/install/mp_description:/home/aravind/mp_ws/install/mp_controller:/home/aravind/mp_ws/install/mp_aruco_estimation:/opt/ros/humble /usr/bin/cmake --install /home/aravind/mp_ws/build/mp_utils
