[1.142s] Invoking command in '/home/aravind/mp_ws/src/mp_aruco': PYTHONPATH=/home/aravind/mp_ws/build/mp_aruco/prefix_override:/usr/lib/python3/dist-packages/colcon_core/task/python/colcon_distutils_commands:/home/aravind/mp_ws/install/mp_aruco/lib/python3.10/site-packages:${PYTHONPATH} /usr/bin/python3 -W ignore:setup.py install is deprecated -W ignore:easy_install command is deprecated setup.py egg_info --egg-base ../../build/mp_aruco build --build-base /home/aravind/mp_ws/build/mp_aruco/build install --record /home/aravind/mp_ws/build/mp_aruco/install.log --single-version-externally-managed install_data
[1.412s] running egg_info
[1.412s] writing ../../build/mp_aruco/mp_aruco.egg-info/PKG-INFO
[1.413s] writing dependency_links to ../../build/mp_aruco/mp_aruco.egg-info/dependency_links.txt
[1.414s] writing entry points to ../../build/mp_aruco/mp_aruco.egg-info/entry_points.txt
[1.414s] writing requirements to ../../build/mp_aruco/mp_aruco.egg-info/requires.txt
[1.414s] writing top-level names to ../../build/mp_aruco/mp_aruco.egg-info/top_level.txt
[1.416s] reading manifest file '../../build/mp_aruco/mp_aruco.egg-info/SOURCES.txt'
[1.418s] writing manifest file '../../build/mp_aruco/mp_aruco.egg-info/SOURCES.txt'
[1.418s] running build
[1.419s] running build_py
[1.419s] running install
[1.419s] running install_lib
[1.420s] running install_data
[1.420s] running install_egg_info
[1.422s] removing '/home/aravind/mp_ws/install/mp_aruco/lib/python3.10/site-packages/mp_aruco-0.0.0-py3.10.egg-info' (and everything under it)
[1.422s] Copying ../../build/mp_aruco/mp_aruco.egg-info to /home/aravind/mp_ws/install/mp_aruco/lib/python3.10/site-packages/mp_aruco-0.0.0-py3.10.egg-info
[1.424s] running install_scripts
[1.450s] Installing marker_detector script to /home/aravind/mp_ws/install/mp_aruco/lib/mp_aruco
[1.450s] writing list of installed files to '/home/aravind/mp_ws/build/mp_aruco/install.log'
[1.480s] Invoked command in '/home/aravind/mp_ws/src/mp_aruco' returned '0': PYTHONPATH=/home/aravind/mp_ws/build/mp_aruco/prefix_override:/usr/lib/python3/dist-packages/colcon_core/task/python/colcon_distutils_commands:/home/aravind/mp_ws/install/mp_aruco/lib/python3.10/site-packages:${PYTHONPATH} /usr/bin/python3 -W ignore:setup.py install is deprecated -W ignore:easy_install command is deprecated setup.py egg_info --egg-base ../../build/mp_aruco build --build-base /home/aravind/mp_ws/build/mp_aruco/build install --record /home/aravind/mp_ws/build/mp_aruco/install.log --single-version-externally-managed install_data
