[0.604s] Invoking command in '/home/aravind/mp_ws/mp_aruco_estimation': PYTHONPATH=/home/aravind/mp_ws/build/mp_aruco_estimation/prefix_override:/usr/lib/python3/dist-packages/colcon_core/task/python/colcon_distutils_commands:/home/aravind/mp_ws/install/mp_aruco_estimation/lib/python3.10/site-packages:${PYTHONPATH} /usr/bin/python3 -W ignore:setup.py install is deprecated -W ignore:easy_install command is deprecated setup.py egg_info --egg-base ../build/mp_aruco_estimation build --build-base /home/aravind/mp_ws/build/mp_aruco_estimation/build install --record /home/aravind/mp_ws/build/mp_aruco_estimation/install.log --single-version-externally-managed install_data
[0.975s] running egg_info
[0.975s] creating ../build/mp_aruco_estimation/mp_aruco_estimation.egg-info
[0.975s] writing ../build/mp_aruco_estimation/mp_aruco_estimation.egg-info/PKG-INFO
[0.976s] writing dependency_links to ../build/mp_aruco_estimation/mp_aruco_estimation.egg-info/dependency_links.txt
[0.976s] writing entry points to ../build/mp_aruco_estimation/mp_aruco_estimation.egg-info/entry_points.txt
[0.976s] writing requirements to ../build/mp_aruco_estimation/mp_aruco_estimation.egg-info/requires.txt
[0.976s] writing top-level names to ../build/mp_aruco_estimation/mp_aruco_estimation.egg-info/top_level.txt
[0.976s] writing manifest file '../build/mp_aruco_estimation/mp_aruco_estimation.egg-info/SOURCES.txt'
[0.979s] reading manifest file '../build/mp_aruco_estimation/mp_aruco_estimation.egg-info/SOURCES.txt'
[0.982s] writing manifest file '../build/mp_aruco_estimation/mp_aruco_estimation.egg-info/SOURCES.txt'
[0.982s] running build
[0.982s] running build_py
[0.982s] creating /home/aravind/mp_ws/build/mp_aruco_estimation/build
[0.982s] creating /home/aravind/mp_ws/build/mp_aruco_estimation/build/lib
[0.983s] creating /home/aravind/mp_ws/build/mp_aruco_estimation/build/lib/mp_aruco_estimation
[0.983s] copying mp_aruco_estimation/__init__.py -> /home/aravind/mp_ws/build/mp_aruco_estimation/build/lib/mp_aruco_estimation
[0.983s] running install
[0.983s] running install_lib
[0.984s] creating /home/aravind/mp_ws/install/mp_aruco_estimation/lib/python3.10/site-packages/mp_aruco_estimation
[0.984s] copying /home/aravind/mp_ws/build/mp_aruco_estimation/build/lib/mp_aruco_estimation/__init__.py -> /home/aravind/mp_ws/install/mp_aruco_estimation/lib/python3.10/site-packages/mp_aruco_estimation
[0.984s] byte-compiling /home/aravind/mp_ws/install/mp_aruco_estimation/lib/python3.10/site-packages/mp_aruco_estimation/__init__.py to __init__.cpython-310.pyc
[0.984s] running install_data
[0.985s] creating /home/aravind/mp_ws/install/mp_aruco_estimation/share/ament_index
[0.985s] creating /home/aravind/mp_ws/install/mp_aruco_estimation/share/ament_index/resource_index
[0.985s] creating /home/aravind/mp_ws/install/mp_aruco_estimation/share/ament_index/resource_index/packages
[0.985s] copying resource/mp_aruco_estimation -> /home/aravind/mp_ws/install/mp_aruco_estimation/share/ament_index/resource_index/packages
[0.985s] copying package.xml -> /home/aravind/mp_ws/install/mp_aruco_estimation/share/mp_aruco_estimation
[0.985s] running install_egg_info
[0.988s] Copying ../build/mp_aruco_estimation/mp_aruco_estimation.egg-info to /home/aravind/mp_ws/install/mp_aruco_estimation/lib/python3.10/site-packages/mp_aruco_estimation-0.0.0-py3.10.egg-info
[0.989s] running install_scripts
[1.013s] writing list of installed files to '/home/aravind/mp_ws/build/mp_aruco_estimation/install.log'
[1.055s] Invoked command in '/home/aravind/mp_ws/mp_aruco_estimation' returned '0': PYTHONPATH=/home/aravind/mp_ws/build/mp_aruco_estimation/prefix_override:/usr/lib/python3/dist-packages/colcon_core/task/python/colcon_distutils_commands:/home/aravind/mp_ws/install/mp_aruco_estimation/lib/python3.10/site-packages:${PYTHONPATH} /usr/bin/python3 -W ignore:setup.py install is deprecated -W ignore:easy_install command is deprecated setup.py egg_info --egg-base ../build/mp_aruco_estimation build --build-base /home/aravind/mp_ws/build/mp_aruco_estimation/build install --record /home/aravind/mp_ws/build/mp_aruco_estimation/install.log --single-version-externally-managed install_data
