[0.074s] Invoking command in '/home/aravind/mp_ws/build/mp_msgs': CMAKE_PREFIX_PATH=/opt/ros/humble /usr/bin/cmake --build /home/aravind/mp_ws/build/mp_msgs -- -j12 -l12
[1.249s] [  5%] Built target mp_msgs__cpp
[1.250s] [ 12%] Built target mp_msgs__rosidl_generator_c
[1.258s] [ 12%] Built target ament_cmake_python_copy_mp_msgs
[1.270s] [ 23%] Built target mp_msgs__rosidl_typesupport_c
[1.272s] [ 51%] Built target mp_msgs__rosidl_typesupport_fastrtps_cpp
[1.273s] [ 51%] Built target mp_msgs__rosidl_typesupport_cpp
[1.274s] [ 61%] Built target mp_msgs__rosidl_typesupport_introspection_c
[1.274s] [ 64%] Built target mp_msgs__rosidl_typesupport_introspection_cpp
[1.274s] [ 74%] Built target mp_msgs__rosidl_typesupport_fastrtps_c
[1.274s] [ 74%] Built target mp_msgs
[1.274s] [ 76%] Built target mp_msgs__py
[1.275s] [ 84%] Built target mp_msgs__rosidl_generator_py
[1.275s] [100%] Built target mp_msgs__rosidl_typesupport_fastrtps_c__pyext
[1.275s] [100%] Built target mp_msgs__rosidl_typesupport_c__pyext
[1.280s] [100%] Built target mp_msgs__rosidl_typesupport_introspection_c__pyext
[1.282s] running egg_info
[1.282s] writing mp_msgs.egg-info/PKG-INFO
[1.282s] writing dependency_links to mp_msgs.egg-info/dependency_links.txt
[1.284s] writing top-level names to mp_msgs.egg-info/top_level.txt
[1.290s] reading manifest file 'mp_msgs.egg-info/SOURCES.txt'
[1.291s] writing manifest file 'mp_msgs.egg-info/SOURCES.txt'
[1.387s] [100%] Built target ament_cmake_python_build_mp_msgs_egg
[1.484s] Invoked command in '/home/aravind/mp_ws/build/mp_msgs' returned '0': CMAKE_PREFIX_PATH=/opt/ros/humble /usr/bin/cmake --build /home/aravind/mp_ws/build/mp_msgs -- -j12 -l12
[1.495s] Invoking command in '/home/aravind/mp_ws/build/mp_msgs': CMAKE_PREFIX_PATH=/opt/ros/humble /usr/bin/cmake --install /home/aravind/mp_ws/build/mp_msgs
[1.568s] -- Install configuration: ""
[1.571s] -- Up-to-date: /home/aravind/mp_ws/install/mp_msgs/share/ament_index/resource_index/rosidl_interfaces/mp_msgs
[1.571s] -- Up-to-date: /home/aravind/mp_ws/install/mp_msgs/include/mp_msgs/mp_msgs
[1.571s] -- Up-to-date: /home/aravind/mp_ws/install/mp_msgs/include/mp_msgs/mp_msgs/msg
[1.571s] -- Up-to-date: /home/aravind/mp_ws/install/mp_msgs/include/mp_msgs/mp_msgs/msg/rosidl_generator_c__visibility_control.h
[1.571s] -- Up-to-date: /home/aravind/mp_ws/install/mp_msgs/include/mp_msgs/mp_msgs/srv
[1.572s] -- Up-to-date: /home/aravind/mp_ws/install/mp_msgs/include/mp_msgs/mp_msgs/srv/euler_to_quaternion.h
[1.572s] -- Up-to-date: /home/aravind/mp_ws/install/mp_msgs/include/mp_msgs/mp_msgs/srv/quaternion_to_euler.h
[1.572s] -- Up-to-date: /home/aravind/mp_ws/install/mp_msgs/include/mp_msgs/mp_msgs/srv/detail
[1.572s] -- Up-to-date: /home/aravind/mp_ws/install/mp_msgs/include/mp_msgs/mp_msgs/srv/detail/quaternion_to_euler__functions.h
[1.572s] -- Up-to-date: /home/aravind/mp_ws/install/mp_msgs/include/mp_msgs/mp_msgs/srv/detail/quaternion_to_euler__struct.h
[1.573s] -- Up-to-date: /home/aravind/mp_ws/install/mp_msgs/include/mp_msgs/mp_msgs/srv/detail/euler_to_quaternion__functions.h
[1.573s] -- Up-to-date: /home/aravind/mp_ws/install/mp_msgs/include/mp_msgs/mp_msgs/srv/detail/euler_to_quaternion__struct.h
[1.573s] -- Up-to-date: /home/aravind/mp_ws/install/mp_msgs/include/mp_msgs/mp_msgs/srv/detail/quaternion_to_euler__type_support.h
[1.573s] -- Up-to-date: /home/aravind/mp_ws/install/mp_msgs/include/mp_msgs/mp_msgs/srv/detail/euler_to_quaternion__type_support.h
[1.573s] -- Up-to-date: /home/aravind/mp_ws/install/mp_msgs/include/mp_msgs/mp_msgs/srv/detail/euler_to_quaternion__functions.c
[1.573s] -- Up-to-date: /home/aravind/mp_ws/install/mp_msgs/include/mp_msgs/mp_msgs/srv/detail/quaternion_to_euler__functions.c
[1.576s] -- Up-to-date: /home/aravind/mp_ws/install/mp_msgs/share/mp_msgs/environment/library_path.sh
[1.576s] -- Up-to-date: /home/aravind/mp_ws/install/mp_msgs/share/mp_msgs/environment/library_path.dsv
[1.576s] -- Up-to-date: /home/aravind/mp_ws/install/mp_msgs/lib/libmp_msgs__rosidl_generator_c.so
[1.576s] -- Up-to-date: /home/aravind/mp_ws/install/mp_msgs/include/mp_msgs/mp_msgs
[1.577s] -- Up-to-date: /home/aravind/mp_ws/install/mp_msgs/include/mp_msgs/mp_msgs/msg
[1.579s] -- Up-to-date: /home/aravind/mp_ws/install/mp_msgs/include/mp_msgs/mp_msgs/msg/rosidl_typesupport_fastrtps_c__visibility_control.h
[1.579s] -- Up-to-date: /home/aravind/mp_ws/install/mp_msgs/include/mp_msgs/mp_msgs/srv
[1.579s] -- Up-to-date: /home/aravind/mp_ws/install/mp_msgs/include/mp_msgs/mp_msgs/srv/detail
[1.579s] -- Up-to-date: /home/aravind/mp_ws/install/mp_msgs/include/mp_msgs/mp_msgs/srv/detail/quaternion_to_euler__rosidl_typesupport_fastrtps_c.h
[1.580s] -- Up-to-date: /home/aravind/mp_ws/install/mp_msgs/include/mp_msgs/mp_msgs/srv/detail/euler_to_quaternion__rosidl_typesupport_fastrtps_c.h
[1.580s] -- Up-to-date: /home/aravind/mp_ws/install/mp_msgs/lib/libmp_msgs__rosidl_typesupport_fastrtps_c.so
[1.580s] -- Up-to-date: /home/aravind/mp_ws/install/mp_msgs/include/mp_msgs/mp_msgs
[1.580s] -- Up-to-date: /home/aravind/mp_ws/install/mp_msgs/include/mp_msgs/mp_msgs/msg
[1.580s] -- Up-to-date: /home/aravind/mp_ws/install/mp_msgs/include/mp_msgs/mp_msgs/msg/rosidl_generator_cpp__visibility_control.hpp
[1.581s] -- Up-to-date: /home/aravind/mp_ws/install/mp_msgs/include/mp_msgs/mp_msgs/srv
[1.581s] -- Up-to-date: /home/aravind/mp_ws/install/mp_msgs/include/mp_msgs/mp_msgs/srv/euler_to_quaternion.hpp
[1.581s] -- Up-to-date: /home/aravind/mp_ws/install/mp_msgs/include/mp_msgs/mp_msgs/srv/detail
[1.581s] -- Up-to-date: /home/aravind/mp_ws/install/mp_msgs/include/mp_msgs/mp_msgs/srv/detail/quaternion_to_euler__struct.hpp
[1.581s] -- Up-to-date: /home/aravind/mp_ws/install/mp_msgs/include/mp_msgs/mp_msgs/srv/detail/euler_to_quaternion__type_support.hpp
[1.581s] -- Up-to-date: /home/aravind/mp_ws/install/mp_msgs/include/mp_msgs/mp_msgs/srv/detail/euler_to_quaternion__traits.hpp
[1.581s] -- Up-to-date: /home/aravind/mp_ws/install/mp_msgs/include/mp_msgs/mp_msgs/srv/detail/euler_to_quaternion__struct.hpp
[1.581s] -- Up-to-date: /home/aravind/mp_ws/install/mp_msgs/include/mp_msgs/mp_msgs/srv/detail/euler_to_quaternion__builder.hpp
[1.582s] -- Up-to-date: /home/aravind/mp_ws/install/mp_msgs/include/mp_msgs/mp_msgs/srv/detail/quaternion_to_euler__traits.hpp
[1.582s] -- Up-to-date: /home/aravind/mp_ws/install/mp_msgs/include/mp_msgs/mp_msgs/srv/detail/quaternion_to_euler__builder.hpp
[1.582s] -- Up-to-date: /home/aravind/mp_ws/install/mp_msgs/include/mp_msgs/mp_msgs/srv/detail/quaternion_to_euler__type_support.hpp
[1.582s] -- Up-to-date: /home/aravind/mp_ws/install/mp_msgs/include/mp_msgs/mp_msgs/srv/quaternion_to_euler.hpp
[1.582s] -- Up-to-date: /home/aravind/mp_ws/install/mp_msgs/include/mp_msgs/mp_msgs
[1.582s] -- Up-to-date: /home/aravind/mp_ws/install/mp_msgs/include/mp_msgs/mp_msgs/msg
[1.582s] -- Up-to-date: /home/aravind/mp_ws/install/mp_msgs/include/mp_msgs/mp_msgs/msg/rosidl_typesupport_fastrtps_cpp__visibility_control.h
[1.587s] -- Up-to-date: /home/aravind/mp_ws/install/mp_msgs/include/mp_msgs/mp_msgs/srv
[1.588s] -- Up-to-date: /home/aravind/mp_ws/install/mp_msgs/include/mp_msgs/mp_msgs/srv/detail
[1.588s] -- Up-to-date: /home/aravind/mp_ws/install/mp_msgs/include/mp_msgs/mp_msgs/srv/detail/quaternion_to_euler__rosidl_typesupport_fastrtps_cpp.hpp
[1.588s] -- Up-to-date: /home/aravind/mp_ws/install/mp_msgs/include/mp_msgs/mp_msgs/srv/detail/dds_fastrtps
[1.588s] -- Up-to-date: /home/aravind/mp_ws/install/mp_msgs/include/mp_msgs/mp_msgs/srv/detail/euler_to_quaternion__rosidl_typesupport_fastrtps_cpp.hpp
[1.588s] -- Up-to-date: /home/aravind/mp_ws/install/mp_msgs/lib/libmp_msgs__rosidl_typesupport_fastrtps_cpp.so
[1.589s] -- Up-to-date: /home/aravind/mp_ws/install/mp_msgs/include/mp_msgs/mp_msgs
[1.589s] -- Up-to-date: /home/aravind/mp_ws/install/mp_msgs/include/mp_msgs/mp_msgs/msg
[1.589s] -- Up-to-date: /home/aravind/mp_ws/install/mp_msgs/include/mp_msgs/mp_msgs/msg/rosidl_typesupport_introspection_c__visibility_control.h
[1.589s] -- Up-to-date: /home/aravind/mp_ws/install/mp_msgs/include/mp_msgs/mp_msgs/srv
[1.589s] -- Up-to-date: /home/aravind/mp_ws/install/mp_msgs/include/mp_msgs/mp_msgs/srv/detail
[1.589s] -- Up-to-date: /home/aravind/mp_ws/install/mp_msgs/include/mp_msgs/mp_msgs/srv/detail/quaternion_to_euler__rosidl_typesupport_introspection_c.h
[1.593s] -- Up-to-date: /home/aravind/mp_ws/install/mp_msgs/include/mp_msgs/mp_msgs/srv/detail/quaternion_to_euler__type_support.c
[1.595s] -- Up-to-date: /home/aravind/mp_ws/install/mp_msgs/include/mp_msgs/mp_msgs/srv/detail/euler_to_quaternion__rosidl_typesupport_introspection_c.h
[1.595s] -- Up-to-date: /home/aravind/mp_ws/install/mp_msgs/include/mp_msgs/mp_msgs/srv/detail/euler_to_quaternion__type_support.c
[1.595s] -- Up-to-date: /home/aravind/mp_ws/install/mp_msgs/lib/libmp_msgs__rosidl_typesupport_introspection_c.so
[1.596s] -- Up-to-date: /home/aravind/mp_ws/install/mp_msgs/lib/libmp_msgs__rosidl_typesupport_c.so
[1.596s] -- Up-to-date: /home/aravind/mp_ws/install/mp_msgs/include/mp_msgs/mp_msgs
[1.597s] -- Up-to-date: /home/aravind/mp_ws/install/mp_msgs/include/mp_msgs/mp_msgs/srv
[1.599s] -- Up-to-date: /home/aravind/mp_ws/install/mp_msgs/include/mp_msgs/mp_msgs/srv/detail
[1.600s] -- Up-to-date: /home/aravind/mp_ws/install/mp_msgs/include/mp_msgs/mp_msgs/srv/detail/quaternion_to_euler__rosidl_typesupport_introspection_cpp.hpp
[1.602s] -- Up-to-date: /home/aravind/mp_ws/install/mp_msgs/include/mp_msgs/mp_msgs/srv/detail/euler_to_quaternion__type_support.cpp
[1.602s] -- Up-to-date: /home/aravind/mp_ws/install/mp_msgs/include/mp_msgs/mp_msgs/srv/detail/quaternion_to_euler__type_support.cpp
[1.603s] -- Up-to-date: /home/aravind/mp_ws/install/mp_msgs/include/mp_msgs/mp_msgs/srv/detail/euler_to_quaternion__rosidl_typesupport_introspection_cpp.hpp
[1.603s] -- Up-to-date: /home/aravind/mp_ws/install/mp_msgs/lib/libmp_msgs__rosidl_typesupport_introspection_cpp.so
[1.603s] -- Up-to-date: /home/aravind/mp_ws/install/mp_msgs/lib/libmp_msgs__rosidl_typesupport_cpp.so
[1.604s] -- Up-to-date: /home/aravind/mp_ws/install/mp_msgs/share/mp_msgs/environment/pythonpath.sh
[1.604s] -- Up-to-date: /home/aravind/mp_ws/install/mp_msgs/share/mp_msgs/environment/pythonpath.dsv
[1.604s] -- Up-to-date: /home/aravind/mp_ws/install/mp_msgs/local/lib/python3.10/dist-packages/mp_msgs-0.0.0-py3.10.egg-info
[1.604s] -- Installing: /home/aravind/mp_ws/install/mp_msgs/local/lib/python3.10/dist-packages/mp_msgs-0.0.0-py3.10.egg-info/SOURCES.txt
[1.604s] -- Installing: /home/aravind/mp_ws/install/mp_msgs/local/lib/python3.10/dist-packages/mp_msgs-0.0.0-py3.10.egg-info/top_level.txt
[1.604s] -- Installing: /home/aravind/mp_ws/install/mp_msgs/local/lib/python3.10/dist-packages/mp_msgs-0.0.0-py3.10.egg-info/dependency_links.txt
[1.604s] -- Installing: /home/aravind/mp_ws/install/mp_msgs/local/lib/python3.10/dist-packages/mp_msgs-0.0.0-py3.10.egg-info/PKG-INFO
[1.605s] -- Up-to-date: /home/aravind/mp_ws/install/mp_msgs/local/lib/python3.10/dist-packages/mp_msgs
[1.605s] -- Up-to-date: /home/aravind/mp_ws/install/mp_msgs/local/lib/python3.10/dist-packages/mp_msgs/__init__.py
[1.605s] -- Up-to-date: /home/aravind/mp_ws/install/mp_msgs/local/lib/python3.10/dist-packages/mp_msgs/_mp_msgs_s.ep.rosidl_typesupport_fastrtps_c.c
[1.605s] -- Up-to-date: /home/aravind/mp_ws/install/mp_msgs/local/lib/python3.10/dist-packages/mp_msgs/_mp_msgs_s.ep.rosidl_typesupport_introspection_c.c
[1.605s] -- Up-to-date: /home/aravind/mp_ws/install/mp_msgs/local/lib/python3.10/dist-packages/mp_msgs/mp_msgs_s__rosidl_typesupport_introspection_c.cpython-310-x86_64-linux-gnu.so
[1.605s] -- Up-to-date: /home/aravind/mp_ws/install/mp_msgs/local/lib/python3.10/dist-packages/mp_msgs/libmp_msgs__rosidl_generator_py.so
[1.605s] -- Up-to-date: /home/aravind/mp_ws/install/mp_msgs/local/lib/python3.10/dist-packages/mp_msgs/srv
[1.606s] -- Up-to-date: /home/aravind/mp_ws/install/mp_msgs/local/lib/python3.10/dist-packages/mp_msgs/srv/__init__.py
[1.606s] -- Up-to-date: /home/aravind/mp_ws/install/mp_msgs/local/lib/python3.10/dist-packages/mp_msgs/srv/_euler_to_quaternion.py
[1.606s] -- Up-to-date: /home/aravind/mp_ws/install/mp_msgs/local/lib/python3.10/dist-packages/mp_msgs/srv/_quaternion_to_euler.py
[1.607s] -- Up-to-date: /home/aravind/mp_ws/install/mp_msgs/local/lib/python3.10/dist-packages/mp_msgs/srv/_euler_to_quaternion_s.c
[1.607s] -- Up-to-date: /home/aravind/mp_ws/install/mp_msgs/local/lib/python3.10/dist-packages/mp_msgs/srv/_quaternion_to_euler_s.c
[1.607s] -- Up-to-date: /home/aravind/mp_ws/install/mp_msgs/local/lib/python3.10/dist-packages/mp_msgs/mp_msgs_s__rosidl_typesupport_c.cpython-310-x86_64-linux-gnu.so
[1.607s] -- Up-to-date: /home/aravind/mp_ws/install/mp_msgs/local/lib/python3.10/dist-packages/mp_msgs/mp_msgs_s__rosidl_typesupport_fastrtps_c.cpython-310-x86_64-linux-gnu.so
[1.608s] -- Up-to-date: /home/aravind/mp_ws/install/mp_msgs/local/lib/python3.10/dist-packages/mp_msgs/_mp_msgs_s.ep.rosidl_typesupport_c.c
[1.673s] Listing '/home/aravind/mp_ws/install/mp_msgs/local/lib/python3.10/dist-packages/mp_msgs'...
[1.675s] Listing '/home/aravind/mp_ws/install/mp_msgs/local/lib/python3.10/dist-packages/mp_msgs/srv'...
[1.725s] -- Up-to-date: /home/aravind/mp_ws/install/mp_msgs/local/lib/python3.10/dist-packages/mp_msgs/mp_msgs_s__rosidl_typesupport_fastrtps_c.cpython-310-x86_64-linux-gnu.so
[1.729s] -- Up-to-date: /home/aravind/mp_ws/install/mp_msgs/local/lib/python3.10/dist-packages/mp_msgs/mp_msgs_s__rosidl_typesupport_introspection_c.cpython-310-x86_64-linux-gnu.so
[1.732s] -- Up-to-date: /home/aravind/mp_ws/install/mp_msgs/local/lib/python3.10/dist-packages/mp_msgs/mp_msgs_s__rosidl_typesupport_c.cpython-310-x86_64-linux-gnu.so
[1.733s] -- Up-to-date: /home/aravind/mp_ws/install/mp_msgs/lib/libmp_msgs__rosidl_generator_py.so
[1.734s] -- Up-to-date: /home/aravind/mp_ws/install/mp_msgs/share/mp_msgs/srv/EulerToQuaternion.idl
[1.735s] -- Up-to-date: /home/aravind/mp_ws/install/mp_msgs/share/mp_msgs/srv/QuaternionToEuler.idl
[1.737s] -- Up-to-date: /home/aravind/mp_ws/install/mp_msgs/share/mp_msgs/srv/EulerToQuaternion.srv
[1.738s] -- Up-to-date: /home/aravind/mp_ws/install/mp_msgs/share/mp_msgs/srv/EulerToQuaternion_Request.msg
[1.739s] -- Up-to-date: /home/aravind/mp_ws/install/mp_msgs/share/mp_msgs/srv/EulerToQuaternion_Response.msg
[1.739s] -- Up-to-date: /home/aravind/mp_ws/install/mp_msgs/share/mp_msgs/srv/QuaternionToEuler.srv
[1.739s] -- Up-to-date: /home/aravind/mp_ws/install/mp_msgs/share/mp_msgs/srv/QuaternionToEuler_Request.msg
[1.739s] -- Up-to-date: /home/aravind/mp_ws/install/mp_msgs/share/mp_msgs/srv/QuaternionToEuler_Response.msg
[1.739s] -- Up-to-date: /home/aravind/mp_ws/install/mp_msgs/share/ament_index/resource_index/package_run_dependencies/mp_msgs
[1.740s] -- Up-to-date: /home/aravind/mp_ws/install/mp_msgs/share/ament_index/resource_index/parent_prefix_path/mp_msgs
[1.740s] -- Up-to-date: /home/aravind/mp_ws/install/mp_msgs/share/mp_msgs/environment/ament_prefix_path.sh
[1.740s] -- Up-to-date: /home/aravind/mp_ws/install/mp_msgs/share/mp_msgs/environment/ament_prefix_path.dsv
[1.742s] -- Up-to-date: /home/aravind/mp_ws/install/mp_msgs/share/mp_msgs/environment/path.sh
[1.742s] -- Up-to-date: /home/aravind/mp_ws/install/mp_msgs/share/mp_msgs/environment/path.dsv
[1.742s] -- Up-to-date: /home/aravind/mp_ws/install/mp_msgs/share/mp_msgs/local_setup.bash
[1.743s] -- Up-to-date: /home/aravind/mp_ws/install/mp_msgs/share/mp_msgs/local_setup.sh
[1.744s] -- Up-to-date: /home/aravind/mp_ws/install/mp_msgs/share/mp_msgs/local_setup.zsh
[1.745s] -- Up-to-date: /home/aravind/mp_ws/install/mp_msgs/share/mp_msgs/local_setup.dsv
[1.745s] -- Installing: /home/aravind/mp_ws/install/mp_msgs/share/mp_msgs/package.dsv
[1.745s] -- Up-to-date: /home/aravind/mp_ws/install/mp_msgs/share/ament_index/resource_index/packages/mp_msgs
[1.746s] -- Up-to-date: /home/aravind/mp_ws/install/mp_msgs/share/mp_msgs/cmake/export_mp_msgs__rosidl_generator_cExport.cmake
[1.746s] -- Up-to-date: /home/aravind/mp_ws/install/mp_msgs/share/mp_msgs/cmake/export_mp_msgs__rosidl_generator_cExport-noconfig.cmake
[1.746s] -- Up-to-date: /home/aravind/mp_ws/install/mp_msgs/share/mp_msgs/cmake/export_mp_msgs__rosidl_typesupport_fastrtps_cExport.cmake
[1.746s] -- Up-to-date: /home/aravind/mp_ws/install/mp_msgs/share/mp_msgs/cmake/export_mp_msgs__rosidl_typesupport_fastrtps_cExport-noconfig.cmake
[1.747s] -- Up-to-date: /home/aravind/mp_ws/install/mp_msgs/share/mp_msgs/cmake/export_mp_msgs__rosidl_generator_cppExport.cmake
[1.747s] -- Up-to-date: /home/aravind/mp_ws/install/mp_msgs/share/mp_msgs/cmake/export_mp_msgs__rosidl_typesupport_fastrtps_cppExport.cmake
[1.747s] -- Up-to-date: /home/aravind/mp_ws/install/mp_msgs/share/mp_msgs/cmake/export_mp_msgs__rosidl_typesupport_fastrtps_cppExport-noconfig.cmake
[1.747s] -- Up-to-date: /home/aravind/mp_ws/install/mp_msgs/share/mp_msgs/cmake/mp_msgs__rosidl_typesupport_introspection_cExport.cmake
[1.747s] -- Up-to-date: /home/aravind/mp_ws/install/mp_msgs/share/mp_msgs/cmake/mp_msgs__rosidl_typesupport_introspection_cExport-noconfig.cmake
[1.747s] -- Up-to-date: /home/aravind/mp_ws/install/mp_msgs/share/mp_msgs/cmake/mp_msgs__rosidl_typesupport_cExport.cmake
[1.751s] -- Up-to-date: /home/aravind/mp_ws/install/mp_msgs/share/mp_msgs/cmake/mp_msgs__rosidl_typesupport_cExport-noconfig.cmake
[1.754s] -- Up-to-date: /home/aravind/mp_ws/install/mp_msgs/share/mp_msgs/cmake/mp_msgs__rosidl_typesupport_introspection_cppExport.cmake
[1.755s] -- Up-to-date: /home/aravind/mp_ws/install/mp_msgs/share/mp_msgs/cmake/mp_msgs__rosidl_typesupport_introspection_cppExport-noconfig.cmake
[1.756s] -- Up-to-date: /home/aravind/mp_ws/install/mp_msgs/share/mp_msgs/cmake/mp_msgs__rosidl_typesupport_cppExport.cmake
[1.756s] -- Up-to-date: /home/aravind/mp_ws/install/mp_msgs/share/mp_msgs/cmake/mp_msgs__rosidl_typesupport_cppExport-noconfig.cmake
[1.757s] -- Up-to-date: /home/aravind/mp_ws/install/mp_msgs/share/mp_msgs/cmake/export_mp_msgs__rosidl_generator_pyExport.cmake
[1.757s] -- Up-to-date: /home/aravind/mp_ws/install/mp_msgs/share/mp_msgs/cmake/export_mp_msgs__rosidl_generator_pyExport-noconfig.cmake
[1.758s] -- Up-to-date: /home/aravind/mp_ws/install/mp_msgs/share/mp_msgs/cmake/rosidl_cmake-extras.cmake
[1.758s] -- Up-to-date: /home/aravind/mp_ws/install/mp_msgs/share/mp_msgs/cmake/ament_cmake_export_include_directories-extras.cmake
[1.758s] -- Up-to-date: /home/aravind/mp_ws/install/mp_msgs/share/mp_msgs/cmake/ament_cmake_export_libraries-extras.cmake
[1.759s] -- Up-to-date: /home/aravind/mp_ws/install/mp_msgs/share/mp_msgs/cmake/ament_cmake_export_targets-extras.cmake
[1.759s] -- Up-to-date: /home/aravind/mp_ws/install/mp_msgs/share/mp_msgs/cmake/rosidl_cmake_export_typesupport_targets-extras.cmake
[1.759s] -- Up-to-date: /home/aravind/mp_ws/install/mp_msgs/share/mp_msgs/cmake/ament_cmake_export_dependencies-extras.cmake
[1.759s] -- Up-to-date: /home/aravind/mp_ws/install/mp_msgs/share/mp_msgs/cmake/rosidl_cmake_export_typesupport_libraries-extras.cmake
[1.759s] -- Up-to-date: /home/aravind/mp_ws/install/mp_msgs/share/mp_msgs/cmake/mp_msgsConfig.cmake
[1.760s] -- Up-to-date: /home/aravind/mp_ws/install/mp_msgs/share/mp_msgs/cmake/mp_msgsConfig-version.cmake
[1.760s] -- Up-to-date: /home/aravind/mp_ws/install/mp_msgs/share/mp_msgs/package.xml
[1.885s] Invoked command in '/home/aravind/mp_ws/build/mp_msgs' returned '0': CMAKE_PREFIX_PATH=/opt/ros/humble /usr/bin/cmake --install /home/aravind/mp_ws/build/mp_msgs
