[0.160s] Invoking command in '/home/aravind/mp_ws/build/mp_moveit': CMAKE_PREFIX_PATH=/opt/ros/humble /usr/bin/cmake --build /home/aravind/mp_ws/build/mp_moveit -- -j12 -l12
[0.512s] Invoked command in '/home/aravind/mp_ws/build/mp_moveit' returned '0': CMAKE_PREFIX_PATH=/opt/ros/humble /usr/bin/cmake --build /home/aravind/mp_ws/build/mp_moveit -- -j12 -l12
[0.533s] Invoking command in '/home/aravind/mp_ws/build/mp_moveit': CMAKE_PREFIX_PATH=/opt/ros/humble /usr/bin/cmake --install /home/aravind/mp_ws/build/mp_moveit
[0.654s] -- Install configuration: ""
[0.655s] -- Up-to-date: /home/aravind/mp_ws/install/mp_moveit/share/mp_moveit/launch
[0.655s] -- Up-to-date: /home/aravind/mp_ws/install/mp_moveit/share/mp_moveit/launch/moveit.launch.py
[0.655s] -- Up-to-date: /home/aravind/mp_ws/install/mp_moveit/share/mp_moveit/config
[0.656s] -- Up-to-date: /home/aravind/mp_ws/install/mp_moveit/share/mp_moveit/config/joint_limits.yaml
[0.656s] -- Up-to-date: /home/aravind/mp_ws/install/mp_moveit/share/mp_moveit/config/initial_positions.yaml
[0.656s] -- Up-to-date: /home/aravind/mp_ws/install/mp_moveit/share/mp_moveit/config/mp.srdf
[0.656s] -- Up-to-date: /home/aravind/mp_ws/install/mp_moveit/share/mp_moveit/config/pilz_cartesian_limits.yaml
[0.657s] -- Up-to-date: /home/aravind/mp_ws/install/mp_moveit/share/mp_moveit/config/kinematics.yaml
[0.657s] -- Up-to-date: /home/aravind/mp_ws/install/mp_moveit/share/mp_moveit/config/moveit_controller.yaml
[0.657s] -- Up-to-date: /home/aravind/mp_ws/install/mp_moveit/share/ament_index/resource_index/package_run_dependencies/mp_moveit
[0.657s] -- Up-to-date: /home/aravind/mp_ws/install/mp_moveit/share/ament_index/resource_index/parent_prefix_path/mp_moveit
[0.657s] -- Up-to-date: /home/aravind/mp_ws/install/mp_moveit/share/mp_moveit/environment/ament_prefix_path.sh
[0.658s] -- Up-to-date: /home/aravind/mp_ws/install/mp_moveit/share/mp_moveit/environment/ament_prefix_path.dsv
[0.658s] -- Up-to-date: /home/aravind/mp_ws/install/mp_moveit/share/mp_moveit/environment/path.sh
[0.658s] -- Up-to-date: /home/aravind/mp_ws/install/mp_moveit/share/mp_moveit/environment/path.dsv
[0.671s] -- Up-to-date: /home/aravind/mp_ws/install/mp_moveit/share/mp_moveit/local_setup.bash
[0.675s] -- Up-to-date: /home/aravind/mp_ws/install/mp_moveit/share/mp_moveit/local_setup.sh
[0.677s] -- Up-to-date: /home/aravind/mp_ws/install/mp_moveit/share/mp_moveit/local_setup.zsh
[0.683s] -- Up-to-date: /home/aravind/mp_ws/install/mp_moveit/share/mp_moveit/local_setup.dsv
[0.685s] -- Installing: /home/aravind/mp_ws/install/mp_moveit/share/mp_moveit/package.dsv
[0.686s] -- Up-to-date: /home/aravind/mp_ws/install/mp_moveit/share/ament_index/resource_index/packages/mp_moveit
[0.686s] -- Up-to-date: /home/aravind/mp_ws/install/mp_moveit/share/mp_moveit/cmake/mp_moveitConfig.cmake
[0.691s] -- Up-to-date: /home/aravind/mp_ws/install/mp_moveit/share/mp_moveit/cmake/mp_moveitConfig-version.cmake
[0.691s] -- Up-to-date: /home/aravind/mp_ws/install/mp_moveit/share/mp_moveit/package.xml
[0.875s] Invoked command in '/home/aravind/mp_ws/build/mp_moveit' returned '0': CMAKE_PREFIX_PATH=/opt/ros/humble /usr/bin/cmake --install /home/aravind/mp_ws/build/mp_moveit
