[3.000s] Invoking command in '/home/aravind/mp_ws/mp_aruco_estimation': PYTHONPATH=/home/aravind/mp_ws/build/mp_aruco_estimation/prefix_override:/usr/lib/python3/dist-packages/colcon_core/task/python/colcon_distutils_commands:/home/aravind/mp_ws/install/mp_aruco_estimation/lib/python3.10/site-packages:${PYTHONPATH} /usr/bin/python3 -W ignore:setup.py install is deprecated -W ignore:easy_install command is deprecated setup.py egg_info --egg-base ../build/mp_aruco_estimation build --build-base /home/aravind/mp_ws/build/mp_aruco_estimation/build install --record /home/aravind/mp_ws/build/mp_aruco_estimation/install.log --single-version-externally-managed install_data
[3.992s] running egg_info
[3.996s] writing ../build/mp_aruco_estimation/mp_aruco_estimation.egg-info/PKG-INFO
[3.996s] writing dependency_links to ../build/mp_aruco_estimation/mp_aruco_estimation.egg-info/dependency_links.txt
[3.997s] writing entry points to ../build/mp_aruco_estimation/mp_aruco_estimation.egg-info/entry_points.txt
[3.997s] writing requirements to ../build/mp_aruco_estimation/mp_aruco_estimation.egg-info/requires.txt
[3.997s] writing top-level names to ../build/mp_aruco_estimation/mp_aruco_estimation.egg-info/top_level.txt
[4.012s] reading manifest file '../build/mp_aruco_estimation/mp_aruco_estimation.egg-info/SOURCES.txt'
[4.021s] writing manifest file '../build/mp_aruco_estimation/mp_aruco_estimation.egg-info/SOURCES.txt'
[4.022s] running build
[4.022s] running build_py
[4.022s] copying mp_aruco_estimation/marker_pose_estimation.py -> /home/aravind/mp_ws/build/mp_aruco_estimation/build/lib/mp_aruco_estimation
[4.025s] running install
[4.026s] running install_lib
[4.032s] copying /home/aravind/mp_ws/build/mp_aruco_estimation/build/lib/mp_aruco_estimation/marker_pose_estimation.py -> /home/aravind/mp_ws/install/mp_aruco_estimation/lib/python3.10/site-packages/mp_aruco_estimation
[4.035s] byte-compiling /home/aravind/mp_ws/install/mp_aruco_estimation/lib/python3.10/site-packages/mp_aruco_estimation/marker_pose_estimation.py to marker_pose_estimation.cpython-310.pyc
[4.037s] running install_data
[4.038s] running install_egg_info
[4.045s] removing '/home/aravind/mp_ws/install/mp_aruco_estimation/lib/python3.10/site-packages/mp_aruco_estimation-0.0.0-py3.10.egg-info' (and everything under it)
[4.046s] Copying ../build/mp_aruco_estimation/mp_aruco_estimation.egg-info to /home/aravind/mp_ws/install/mp_aruco_estimation/lib/python3.10/site-packages/mp_aruco_estimation-0.0.0-py3.10.egg-info
[4.051s] running install_scripts
[4.139s] writing list of installed files to '/home/aravind/mp_ws/build/mp_aruco_estimation/install.log'
[4.174s] running egg_info
[4.177s] creating ../build/mp_aruco_estimation/aruco_marker_detection.egg-info
[4.179s] writing ../build/mp_aruco_estimation/aruco_marker_detection.egg-info/PKG-INFO
[4.180s] writing dependency_links to ../build/mp_aruco_estimation/aruco_marker_detection.egg-info/dependency_links.txt
[4.180s] writing entry points to ../build/mp_aruco_estimation/aruco_marker_detection.egg-info/entry_points.txt
[4.181s] writing requirements to ../build/mp_aruco_estimation/aruco_marker_detection.egg-info/requires.txt
[4.182s] writing top-level names to ../build/mp_aruco_estimation/aruco_marker_detection.egg-info/top_level.txt
[4.183s] writing manifest file '../build/mp_aruco_estimation/aruco_marker_detection.egg-info/SOURCES.txt'
[4.187s] error: package directory 'aruco_marker_detection' does not exist
[4.431s] Invoked command in '/home/aravind/mp_ws/mp_aruco_estimation' returned '1': PYTHONPATH=/home/aravind/mp_ws/build/mp_aruco_estimation/prefix_override:/usr/lib/python3/dist-packages/colcon_core/task/python/colcon_distutils_commands:/home/aravind/mp_ws/install/mp_aruco_estimation/lib/python3.10/site-packages:${PYTHONPATH} /usr/bin/python3 -W ignore:setup.py install is deprecated -W ignore:easy_install command is deprecated setup.py egg_info --egg-base ../build/mp_aruco_estimation build --build-base /home/aravind/mp_ws/build/mp_aruco_estimation/build install --record /home/aravind/mp_ws/build/mp_aruco_estimation/install.log --single-version-externally-managed install_data
