[0.570s] Invoking command in '/home/aravind/mp_ws/mp_aruco_estimation': PYTHONPATH=/home/aravind/mp_ws/build/mp_aruco_estimation/prefix_override:/usr/lib/python3/dist-packages/colcon_core/task/python/colcon_distutils_commands:/home/aravind/mp_ws/install/mp_aruco_estimation/lib/python3.10/site-packages:${PYTHONPATH} /usr/bin/python3 -W ignore:setup.py install is deprecated -W ignore:easy_install command is deprecated setup.py egg_info --egg-base ../build/mp_aruco_estimation build --build-base /home/aravind/mp_ws/build/mp_aruco_estimation/build install --record /home/aravind/mp_ws/build/mp_aruco_estimation/install.log --single-version-externally-managed install_data
[0.734s] running egg_info
[0.735s] writing ../build/mp_aruco_estimation/mp_aruco_estimation.egg-info/PKG-INFO
[0.735s] writing dependency_links to ../build/mp_aruco_estimation/mp_aruco_estimation.egg-info/dependency_links.txt
[0.735s] writing entry points to ../build/mp_aruco_estimation/mp_aruco_estimation.egg-info/entry_points.txt
[0.735s] writing requirements to ../build/mp_aruco_estimation/mp_aruco_estimation.egg-info/requires.txt
[0.735s] writing top-level names to ../build/mp_aruco_estimation/mp_aruco_estimation.egg-info/top_level.txt
[0.736s] reading manifest file '../build/mp_aruco_estimation/mp_aruco_estimation.egg-info/SOURCES.txt'
[0.738s] writing manifest file '../build/mp_aruco_estimation/mp_aruco_estimation.egg-info/SOURCES.txt'
[0.739s] running build
[0.739s] running build_py
[0.739s] copying mp_aruco_estimation/marker_detector.py -> /home/aravind/mp_ws/build/mp_aruco_estimation/build/lib/mp_aruco_estimation
[0.739s] running install
[0.739s] running install_lib
[0.740s] copying /home/aravind/mp_ws/build/mp_aruco_estimation/build/lib/mp_aruco_estimation/marker_detector.py -> /home/aravind/mp_ws/install/mp_aruco_estimation/lib/python3.10/site-packages/mp_aruco_estimation
[0.740s] byte-compiling /home/aravind/mp_ws/install/mp_aruco_estimation/lib/python3.10/site-packages/mp_aruco_estimation/marker_detector.py to marker_detector.cpython-310.pyc
[0.741s] running install_data
[0.741s] running install_egg_info
[0.743s] removing '/home/aravind/mp_ws/install/mp_aruco_estimation/lib/python3.10/site-packages/mp_aruco_estimation-0.0.0-py3.10.egg-info' (and everything under it)
[0.743s] Copying ../build/mp_aruco_estimation/mp_aruco_estimation.egg-info to /home/aravind/mp_ws/install/mp_aruco_estimation/lib/python3.10/site-packages/mp_aruco_estimation-0.0.0-py3.10.egg-info
[0.743s] running install_scripts
[0.758s] writing list of installed files to '/home/aravind/mp_ws/build/mp_aruco_estimation/install.log'
[0.782s] Invoked command in '/home/aravind/mp_ws/mp_aruco_estimation' returned '0': PYTHONPATH=/home/aravind/mp_ws/build/mp_aruco_estimation/prefix_override:/usr/lib/python3/dist-packages/colcon_core/task/python/colcon_distutils_commands:/home/aravind/mp_ws/install/mp_aruco_estimation/lib/python3.10/site-packages:${PYTHONPATH} /usr/bin/python3 -W ignore:setup.py install is deprecated -W ignore:easy_install command is deprecated setup.py egg_info --egg-base ../build/mp_aruco_estimation build --build-base /home/aravind/mp_ws/build/mp_aruco_estimation/build install --record /home/aravind/mp_ws/build/mp_aruco_estimation/install.log --single-version-externally-managed install_data
