[0.629s] Invoking command in '/home/aravind/mp_ws/src/mp_aruco': PYTHONPATH=/home/aravind/mp_ws/build/mp_aruco/prefix_override:/usr/lib/python3/dist-packages/colcon_core/task/python/colcon_distutils_commands:/home/aravind/mp_ws/install/mp_aruco/lib/python3.10/site-packages:${PYTHONPATH} /usr/bin/python3 -W ignore:setup.py install is deprecated -W ignore:easy_install command is deprecated setup.py egg_info --egg-base ../../build/mp_aruco build --build-base /home/aravind/mp_ws/build/mp_aruco/build install --record /home/aravind/mp_ws/build/mp_aruco/install.log --single-version-externally-managed install_data
[0.801s] running egg_info
[0.802s] writing ../../build/mp_aruco/mp_aruco.egg-info/PKG-INFO
[0.802s] writing dependency_links to ../../build/mp_aruco/mp_aruco.egg-info/dependency_links.txt
[0.802s] writing entry points to ../../build/mp_aruco/mp_aruco.egg-info/entry_points.txt
[0.802s] writing requirements to ../../build/mp_aruco/mp_aruco.egg-info/requires.txt
[0.802s] writing top-level names to ../../build/mp_aruco/mp_aruco.egg-info/top_level.txt
[0.803s] reading manifest file '../../build/mp_aruco/mp_aruco.egg-info/SOURCES.txt'
[0.804s] writing manifest file '../../build/mp_aruco/mp_aruco.egg-info/SOURCES.txt'
[0.804s] running build
[0.804s] running build_py
[0.804s] running install
[0.804s] running install_lib
[0.805s] running install_data
[0.805s] running install_egg_info
[0.806s] removing '/home/aravind/mp_ws/install/mp_aruco/lib/python3.10/site-packages/mp_aruco-0.0.0-py3.10.egg-info' (and everything under it)
[0.806s] Copying ../../build/mp_aruco/mp_aruco.egg-info to /home/aravind/mp_ws/install/mp_aruco/lib/python3.10/site-packages/mp_aruco-0.0.0-py3.10.egg-info
[0.807s] running install_scripts
[0.823s] Installing marker_detector script to /home/aravind/mp_ws/install/mp_aruco/lib/mp_aruco
[0.824s] writing list of installed files to '/home/aravind/mp_ws/build/mp_aruco/install.log'
[0.849s] Invoked command in '/home/aravind/mp_ws/src/mp_aruco' returned '0': PYTHONPATH=/home/aravind/mp_ws/build/mp_aruco/prefix_override:/usr/lib/python3/dist-packages/colcon_core/task/python/colcon_distutils_commands:/home/aravind/mp_ws/install/mp_aruco/lib/python3.10/site-packages:${PYTHONPATH} /usr/bin/python3 -W ignore:setup.py install is deprecated -W ignore:easy_install command is deprecated setup.py egg_info --egg-base ../../build/mp_aruco build --build-base /home/aravind/mp_ws/build/mp_aruco/build install --record /home/aravind/mp_ws/build/mp_aruco/install.log --single-version-externally-managed install_data
